Component: ARM Compiler 5.06 update 5 (build 528) Tool: armlink [4d35e2]

==============================================================================

Section Cross References

    startup_stm32f446xx.o(STACK) refers (Special) to heapauxi.o(.text) for __use_two_region_memory
    startup_stm32f446xx.o(HEAP) refers (Special) to heapauxi.o(.text) for __use_two_region_memory
    startup_stm32f446xx.o(RESET) refers (Special) to heapauxi.o(.text) for __use_two_region_memory
    startup_stm32f446xx.o(RESET) refers to startup_stm32f446xx.o(STACK) for __initial_sp
    startup_stm32f446xx.o(RESET) refers to startup_stm32f446xx.o(.text) for Reset_Handler
    startup_stm32f446xx.o(RESET) refers to stm32f4xx_it.o(.text) for NMI_Handler
    startup_stm32f446xx.o(RESET) refers to tm_stm32f4_exti.o(.text) for EXTI0_IRQHandler
    startup_stm32f446xx.o(RESET) refers to tm_stm32f4_usart.o(.text) for USART1_IRQHandler
    startup_stm32f446xx.o(.text) refers (Special) to heapauxi.o(.text) for __use_two_region_memory
    startup_stm32f446xx.o(.text) refers to system_stm32f4xx.o(.text) for SystemInit
    startup_stm32f446xx.o(.text) refers to __main.o(!!!main) for __main
    startup_stm32f446xx.o(.text) refers to startup_stm32f446xx.o(HEAP) for Heap_Mem
    startup_stm32f446xx.o(.text) refers to startup_stm32f446xx.o(STACK) for Stack_Mem
    stm32f4xx_rcc.o(.text) refers to stm32f4xx_rcc.o(.data) for APBAHBPrescTable
    stm32f4xx_gpio.o(.text) refers to stm32f4xx_rcc.o(.text) for RCC_AHB1PeriphResetCmd
    stm32f4xx_spi.o(.text) refers to stm32f4xx_rcc.o(.text) for RCC_APB2PeriphResetCmd
    stm32f4xx_usart.o(.text) refers to stm32f4xx_rcc.o(.text) for RCC_APB2PeriphResetCmd
    tm_stm32f4_delay.o(.text) refers to h1_alloc.o(.text) for malloc
    tm_stm32f4_delay.o(.text) refers to h1_free.o(.text) for free
    tm_stm32f4_delay.o(.text) refers to tm_stm32f4_delay.o(.data) for TM_Time
    tm_stm32f4_delay.o(.text) refers to tm_stm32f4_delay.o(.bss) for CustomTimers
    tm_stm32f4_delay.o(.text) refers to system_stm32f4xx.o(.data) for SystemCoreClock
    tm_stm32f4_disco.o(.text) refers to tm_stm32f4_gpio.o(.text) for TM_GPIO_Init
    tm_stm32f4_disco.o(.text) refers to tm_stm32f4_disco.o(.data) for TM_INT_DISCO_ButtonPressed
    tm_stm32f4_nrf24l01.o(.text) refers to tm_stm32f4_gpio.o(.text) for TM_GPIO_Init
    tm_stm32f4_nrf24l01.o(.text) refers to tm_stm32f4_spi.o(.text) for TM_SPI_WriteMulti
    tm_stm32f4_nrf24l01.o(.text) refers to tm_stm32f4_nrf24l01.o(.data) for TM_NRF24L01_Struct
    tm_stm32f4_spi.o(.text) refers to tm_stm32f4_gpio.o(.text) for TM_GPIO_InitAlternate
    tm_stm32f4_spi.o(.text) refers to stm32f4xx_spi.o(.text) for SPI_StructInit
    tm_stm32f4_spi.o(.text) refers to stm32f4xx_rcc.o(.text) for RCC_GetClocksFreq
    tm_stm32f4_usart.o(.text) refers to tm_stm32f4_gpio.o(.text) for TM_GPIO_InitAlternate
    tm_stm32f4_usart.o(.text) refers to stm32f4xx_usart.o(.text) for USART_DeInit
    tm_stm32f4_usart.o(.text) refers to misc.o(.text) for NVIC_Init
    tm_stm32f4_usart.o(.text) refers to tm_stm32f4_usart.o(.data) for TM_USART1
    tm_stm32f4_usart.o(.data) refers to tm_stm32f4_usart.o(.bss) for TM_USART1_Buffer
    tm_stm32f4_gpio.o(.text) refers to tm_stm32f4_gpio.o(.bss) for GPIO_UsedPins
    tm_stm32f4_exti.o(.text) refers to tm_stm32f4_gpio.o(.text) for TM_GPIO_Init
    tm_stm32f4_exti.o(.text) refers to misc.o(.text) for NVIC_Init
    tm_stm32f4_exti.o(.text) refers (Weak) to main.o(.text) for TM_EXTI_Handler
    tm_stm32f4_exti.o(.text) refers (Weak) to main.o(.text) for TM_EXTI_Handler
    tm_stm32f4_exti.o(.text) refers (Weak) to main.o(.text) for TM_EXTI_Handler
    tm_stm32f4_exti.o(.text) refers (Weak) to main.o(.text) for TM_EXTI_Handler
    tm_stm32f4_exti.o(.text) refers (Weak) to main.o(.text) for TM_EXTI_Handler
    tm_stm32f4_exti.o(.text) refers (Weak) to main.o(.text) for TM_EXTI_Handler
    tm_stm32f4_exti.o(.text) refers (Weak) to main.o(.text) for TM_EXTI_Handler
    tm_stm32f4_exti.o(.text) refers (Weak) to main.o(.text) for TM_EXTI_Handler
    tm_stm32f4_exti.o(.text) refers (Weak) to main.o(.text) for TM_EXTI_Handler
    tm_stm32f4_exti.o(.text) refers (Weak) to main.o(.text) for TM_EXTI_Handler
    tm_stm32f4_exti.o(.text) refers (Weak) to main.o(.text) for TM_EXTI_Handler
    tm_stm32f4_exti.o(.text) refers (Weak) to main.o(.text) for TM_EXTI_Handler
    tm_stm32f4_exti.o(.text) refers (Weak) to main.o(.text) for TM_EXTI_Handler
    tm_stm32f4_exti.o(.text) refers (Weak) to main.o(.text) for TM_EXTI_Handler
    tm_stm32f4_exti.o(.text) refers (Weak) to main.o(.text) for TM_EXTI_Handler
    tm_stm32f4_exti.o(.text) refers (Weak) to main.o(.text) for TM_EXTI_Handler
    main.o(.text) refers to _printf_percent.o(.ARM.Collect$$_printf_percent$$00000000) for _printf_percent
    main.o(.text) refers to _printf_u.o(.ARM.Collect$$_printf_percent$$0000000A) for _printf_u
    main.o(.text) refers to _printf_dec.o(.text) for _printf_int_dec
[...]

    ../clib/angel/boardlib.s                 0x00000000   Number         0  boardinit3.o ABSOLUTE
    ../clib/angel/boardlib.s                 0x00000000   Number         0  boardinit1.o ABSOLUTE
    ../clib/angel/boardlib.s                 0x00000000   Number         0  boardinit2.o ABSOLUTE
    ../clib/angel/boardlib.s                 0x00000000   Number         0  boardshut.o ABSOLUTE
    ../clib/angel/handlers.s                 0x00000000   Number         0  __scatter_zi.o ABSOLUTE
    ../clib/angel/handlers.s                 0x00000000   Number         0  __scatter_copy.o ABSOLUTE
    ../clib/angel/kernel.s                   0x00000000   Number         0  rtexit2.o ABSOLUTE
    ../clib/angel/kernel.s                   0x00000000   Number         0  __rtentry.o ABSOLUTE
    ../clib/angel/kernel.s                   0x00000000   Number         0  rtexit.o ABSOLUTE
    ../clib/angel/kernel.s                   0x00000000   Number         0  __rtentry2.o ABSOLUTE
    ../clib/angel/kernel.s                   0x00000000   Number         0  __rtentry4.o ABSOLUTE
    ../clib/angel/rt.s                       0x00000000   Number         0  rt_heap_descriptor.o ABSOLUTE
    ../clib/angel/rt.s                       0x00000000   Number         0  rt_heap_descriptor_intlibspace.o ABSOLUTE
    ../clib/angel/rt.s                       0x00000000   Number         0  rt_raise.o ABSOLUTE
    ../clib/angel/scatter.s                  0x00000000   Number         0  __scatter.o ABSOLUTE
    ../clib/angel/startup.s                  0x00000000   Number         0  __main.o ABSOLUTE
    ../clib/angel/sys.s                      0x00000000   Number         0  use_no_semi.o ABSOLUTE
    ../clib/angel/sys.s                      0x00000000   Number         0  indicate_semi.o ABSOLUTE
    ../clib/angel/sys.s                      0x00000000   Number         0  sys_stackheap_outer.o ABSOLUTE
    ../clib/angel/sys.s                      0x00000000   Number         0  mutex_dummy.o ABSOLUTE
    ../clib/angel/sys.s                      0x00000000   Number         0  libspace.o ABSOLUTE
    ../clib/angel/sysapp.c                   0x00000000   Number         0  sys_wrch.o ABSOLUTE
    ../clib/angel/sysapp.c                   0x00000000   Number         0  sys_exit.o ABSOLUTE
    ../clib/angel/sysapp.c                   0x00000000   Number         0  sys_command.o ABSOLUTE
    ../clib/armsys.c                         0x00000000   Number         0  _get_argv_nomalloc.o ABSOLUTE
    ../clib/armsys.c                         0x00000000   Number         0  _get_argv.o ABSOLUTE
    ../clib/armsys.c                         0x00000000   Number         0  no_argv.o ABSOLUTE
    ../clib/armsys.c                         0x00000000   Number         0  argv_veneer.o ABSOLUTE
    ../clib/armsys.c                         0x00000000   Number         0  argv_veneer.o ABSOLUTE
    ../clib/heap1.c                          0x00000000   Number         0  h1_init_mt.o ABSOLUTE
    ../clib/heap1.c                          0x00000000   Number         0  h1_final.o ABSOLUTE
    ../clib/heap1.c                          0x00000000   Number         0  h1_final_mt.o ABSOLUTE
    ../clib/heap1.c                          0x00000000   Number         0  h1_free_mt.o ABSOLUTE
    ../clib/heap1.c                          0x00000000   Number         0  h1_alloc_mt.o ABSOLUTE
    ../clib/heap1.c                          0x00000000   Number         0  h1_extend.o ABSOLUTE
    ../clib/heap1.c                          0x00000000   Number         0  h1_free.o ABSOLUTE
    ../clib/heap1.c                          0x00000000   Number         0  h1_extend_mt.o ABSOLUTE
    ../clib/heap1.c                          0x00000000   Number         0  h1_alloc.o ABSOLUTE
    ../clib/heap1.c                          0x00000000   Number         0  h1_init.o ABSOLUTE
    ../clib/heap2.c                          0x00000000   Number         0  heap2.o ABSOLUTE
    ../clib/heap2.c                          0x00000000   Number         0  heap2mt.o ABSOLUTE
    ../clib/heap2.c                          0x00000000   Number         0  fdtree.o ABSOLUTE
    ../clib/heapalloc.c                      0x00000000   Number         0  maybetermalloc1.o ABSOLUTE
    ../clib/heapalloc.c                      0x00000000   Number         0  hguard.o ABSOLUTE
    ../clib/heapalloc.c                      0x00000000   Number         0  init_alloc.o ABSOLUTE
    ../clib/heapalloc.c                      0x00000000   Number         0  heapstubs.o ABSOLUTE
    ../clib/heapalloc.c                      0x00000000   Number         0  term_alloc.o ABSOLUTE
    ../clib/heapalloc.c                      0x00000000   Number         0  malloc.o ABSOLUTE
    ../clib/heapalloc.c                      0x00000000   Number         0  maybetermalloc2.o ABSOLUTE
    ../clib/heapalloc.c                      0x00000000   Number         0  maybetermalloc2.o ABSOLUTE
    ../clib/heapalloc.c                      0x00000000   Number         0  free.o ABSOLUTE
    ../clib/heapalloc.c                      0x00000000   Number         0  hrguard.o ABSOLUTE
    ../clib/heapalloc.c                      0x00000000   Number         0  maybetermalloc1.o ABSOLUTE
    ../clib/heapaux.c                        0x00000000   Number         0  heapauxa.o ABSOLUTE
    ../clib/heapaux.c                        0x00000000   Number         0  heapauxi.o ABSOLUTE
    ../clib/libinit.s                        0x00000000   Number         0  libinit2.o ABSOLUTE
    ../clib/libinit.s                        0x00000000   Number         0  libshutdown2.o ABSOLUTE
    ../clib/libinit.s                        0x00000000   Number         0  libshutdown.o ABSOLUTE
    ../clib/libinit.s                        0x00000000   Number         0  libinit.o ABSOLUTE
    ../clib/memcpset.s                       0x00000000   Number         0  rt_memcpy_w.o ABSOLUTE
    ../clib/printf.c                         0x00000000   Number         0  _printf_intcommon.o ABSOLUTE
    ../clib/printf.c                         0x00000000   Number         0  noretval__2sprintf.o ABSOLUTE
    ../clib/printf.c                         0x00000000   Number         0  __printf_flags_ss_wp.o ABSOLUTE
    ../clib/printf.c                         0x00000000   Number         0  __printf_flags_wp.o ABSOLUTE
    ../clib/printf.c                         0x00000000   Number         0  _sputc.o ABSOLUTE
    ../clib/printf.c                         0x00000000   Number         0  _printf_char_common.o ABSOLUTE
    ../clib/printf.c                         0x00000000   Number         0  __2sprintf.o ABSOLUTE
    ../clib/printf.c                         0x00000000   Number         0  __printf_flags_ss.o ABSOLUTE
    ../clib/printf.c                         0x00000000   Number         0  __printf_ss.o ABSOLUTE
    ../clib/printf.c                         0x00000000   Number         0  __printf_nopercent.o ABSOLUTE
    ../clib/printf.c                         0x00000000   Number         0  __printf.o ABSOLUTE
    ../clib/printf.c                         0x00000000   Number         0  _printf_dec.o ABSOLUTE
    ../clib/printf.c                         0x00000000   Number         0  __printf_flags.o ABSOLUTE
    ../clib/printf.c                         0x00000000   Number         0  __printf_wp.o ABSOLUTE
    ../clib/printf.c                         0x00000000   Number         0  __printf_ss_wp.o ABSOLUTE
    ../clib/printf_percent.s                 0x00000000   Number         0  _printf_percent_end.o ABSOLUTE
    ../clib/printf_percent.s                 0x00000000   Number         0  _printf_u.o ABSOLUTE
    ../clib/printf_percent.s                 0x00000000   Number         0  _printf_percent.o ABSOLUTE
    ../clib/signal.c                         0x00000000   Number         0  defsig_general.o ABSOLUTE
    ../clib/signal.c                         0x00000000   Number         0  __raise.o ABSOLUTE
    ../clib/signal.c                         0x00000000   Number         0  defsig_rtmem_formal.o ABSOLUTE
    ../clib/signal.c                         0x00000000   Number         0  defsig_rtmem_outer.o ABSOLUTE
    ../clib/signal.c                         0x00000000   Number         0  defsig_exit.o ABSOLUTE
    ../clib/signal.c                         0x00000000   Number         0  defsig_cppl_inner.o ABSOLUTE
    ../clib/signal.c                         0x00000000   Number         0  defsig_abrt_inner.o ABSOLUTE
    ../clib/signal.c                         0x00000000   Number         0  defsig_fpe_inner.o ABSOLUTE
    ../clib/signal.c                         0x00000000   Number         0  defsig_rtred_inner.o ABSOLUTE
    ../clib/signal.c                         0x00000000   Number         0  defsig_stak_inner.o ABSOLUTE
    ../clib/signal.c                         0x00000000   Number         0  defsig_rtmem_inner.o ABSOLUTE
    ../clib/signal.c                         0x00000000   Number         0  defsig_segv_inner.o ABSOLUTE
    ../clib/signal.c                         0x00000000   Number         0  defsig_other.o ABSOLUTE
    ../clib/signal.c                         0x00000000   Number         0  defsig_pvfn_inner.o ABSOLUTE
    ../clib/signal.s                         0x00000000   Number         0  defsig.o ABSOLUTE
    ../clib/stdlib.c                         0x00000000   Number         0  exit.o ABSOLUTE
    ../fplib/fpinit.s                        0x00000000   Number         0  fpinit.o ABSOLUTE
    ..\00-STM32F429_LIBRARIES\tm_stm32f4_delay.c 0x00000000   Number         0  tm_stm32f4_delay.o ABSOLUTE
    ..\00-STM32F429_LIBRARIES\tm_stm32f4_disco.c 0x00000000   Number         0  tm_stm32f4_disco.o ABSOLUTE
    ..\00-STM32F429_LIBRARIES\tm_stm32f4_exti.c 0x00000000   Number         0  tm_stm32f4_exti.o ABSOLUTE
    ..\00-STM32F429_LIBRARIES\tm_stm32f4_gpio.c 0x00000000   Number         0  tm_stm32f4_gpio.o ABSOLUTE
    ..\00-STM32F429_LIBRARIES\tm_stm32f4_nrf24l01.c 0x00000000   Number         0  tm_stm32f4_nrf24l01.o ABSOLUTE
    ..\00-STM32F429_LIBRARIES\tm_stm32f4_spi.c 0x00000000   Number         0  tm_stm32f4_spi.o ABSOLUTE
    ..\00-STM32F429_LIBRARIES\tm_stm32f4_usart.c 0x00000000   Number         0  tm_stm32f4_usart.o ABSOLUTE
    ..\00-STM32F4xx_STANDARD_PERIPHERAL_DRIVERS\CMSIS\Device\ST\STM32F4xx\Source\Templates\arm\startup_stm32f446xx.s 0x00000000   Number         0  startup_stm32f446xx.o ABSOLUTE
    ..\00-STM32F4xx_STANDARD_PERIPHERAL_DRIVERS\STM32F4xx_StdPeriph_Driver\src\misc.c 0x00000000   Number         0  misc.o ABSOLUTE
    ..\00-STM32F4xx_STANDARD_PERIPHERAL_DRIVERS\STM32F4xx_StdPeriph_Driver\src\stm32f4xx_gpio.c 0x00000000   Number         0  stm32f4xx_gpio.o ABSOLUTE
    ..\00-STM32F4xx_STANDARD_PERIPHERAL_DRIVERS\STM32F4xx_StdPeriph_Driver\src\stm32f4xx_rcc.c 0x00000000   Number         0  stm32f4xx_rcc.o ABSOLUTE
    ..\00-STM32F4xx_STANDARD_PERIPHERAL_DRIVERS\STM32F4xx_StdPeriph_Driver\src\stm32f4xx_spi.c 0x00000000   Number         0  stm32f4xx_spi.o ABSOLUTE
    ..\00-STM32F4xx_STANDARD_PERIPHERAL_DRIVERS\STM32F4xx_StdPeriph_Driver\src\stm32f4xx_usart.c 0x00000000   Number         0  stm32f4xx_usart.o ABSOLUTE
    ..\\00-STM32F429_LIBRARIES\\tm_stm32f4_delay.c 0x00000000   Number         0  tm_stm32f4_delay.o ABSOLUTE
    ..\\00-STM32F429_LIBRARIES\\tm_stm32f4_disco.c 0x00000000   Number         0  tm_stm32f4_disco.o ABSOLUTE
    ..\\00-STM32F429_LIBRARIES\\tm_stm32f4_exti.c 0x00000000   Number         0  tm_stm32f4_exti.o ABSOLUTE
    ..\\00-STM32F429_LIBRARIES\\tm_stm32f4_gpio.c 0x00000000   Number         0  tm_stm32f4_gpio.o ABSOLUTE
    ..\\00-STM32F429_LIBRARIES\\tm_stm32f4_nrf24l01.c 0x00000000   Number         0  tm_stm32f4_nrf24l01.o ABSOLUTE
    ..\\00-STM32F429_LIBRARIES\\tm_stm32f4_spi.c 0x00000000   Number         0  tm_stm32f4_spi.o ABSOLUTE
    ..\\00-STM32F429_LIBRARIES\\tm_stm32f4_usart.c 0x00000000   Number         0  tm_stm32f4_usart.o ABSOLUTE
    ..\\00-STM32F4xx_STANDARD_PERIPHERAL_DRIVERS\\STM32F4xx_StdPeriph_Driver\\src\\misc.c 0x00000000   Number         0  misc.o ABSOLUTE
    ..\\00-STM32F4xx_STANDARD_PERIPHERAL_DRIVERS\\STM32F4xx_StdPeriph_Driver\\src\\stm32f4xx_gpio.c 0x00000000   Number         0  stm32f4xx_gpio.o ABSOLUTE
    ..\\00-STM32F4xx_STANDARD_PERIPHERAL_DRIVERS\\STM32F4xx_StdPeriph_Driver\\src\\stm32f4xx_rcc.c 0x00000000   Number         0  stm32f4xx_rcc.o ABSOLUTE
    ..\\00-STM32F4xx_STANDARD_PERIPHERAL_DRIVERS\\STM32F4xx_StdPeriph_Driver\\src\\stm32f4xx_spi.c 0x00000000   Number         0  stm32f4xx_spi.o ABSOLUTE
    ..\\00-STM32F4xx_STANDARD_PERIPHERAL_DRIVERS\\STM32F4xx_StdPeriph_Driver\\src\\stm32f4xx_usart.c 0x00000000   Number         0  stm32f4xx_usart.o ABSOLUTE
    User\\main.c                             0x00000000   Number         0  main.o ABSOLUTE
    User\\stm32f4xx_it.c                     0x00000000   Number         0  stm32f4xx_it.o ABSOLUTE
    User\\system_stm32f4xx.c                 0x00000000   Number         0  system_stm32f4xx.o ABSOLUTE
    User\main.c                              0x00000000   Number         0  main.o ABSOLUTE
    User\stm32f4xx_it.c                      0x00000000   Number         0  stm32f4xx_it.o ABSOLUTE
    User\system_stm32f4xx.c                  0x00000000   Number         0  system_stm32f4xx.o ABSOLUTE
    dc.s                                     0x00000000   Number         0  dc.o ABSOLUTE
    RESET                                    0x08000000   Section      452  startup_stm32f446xx.o(RESET)
    !!!main                                  0x080001c4   Section        8  __main.o(!!!main)
    !!!scatter                               0x080001cc   Section       52  __scatter.o(!!!scatter)
    !!handler_copy                           0x08000200   Section       26  __scatter_copy.o(!!handler_copy)
    !!handler_zi                             0x0800021c   Section       28  __scatter_zi.o(!!handler_zi)
    .ARM.Collect$$_printf_percent$$00000000  0x08000238   Section        0  _printf_percent.o(.ARM.Collect$$_printf_percent$$00000000)
    .ARM.Collect$$_printf_percent$$0000000A  0x08000238   Section        6  _printf_u.o(.ARM.Collect$$_printf_percent$$0000000A)
    .ARM.Collect$$_printf_percent$$00000017  0x0800023e   Section        4  _printf_percent_end.o(.ARM.Collect$$_printf_percent$$00000017)
    .ARM.Collect$$libinit$$00000000          0x08000242   Section        2  libinit.o(.ARM.Collect$$libinit$$00000000)
    .ARM.Collect$$libinit$$00000001          0x08000244   Section        4  libinit2.o(.ARM.Collect$$libinit$$00000001)
    .ARM.Collect$$libinit$$00000004          0x08000248   Section        0  libinit2.o(.ARM.Collect$$libinit$$00000004)
    .ARM.Collect$$libinit$$00000005          0x08000248   Section        8  libinit2.o(.ARM.Collect$$libinit$$00000005)
    .ARM.Collect$$libinit$$0000000A          0x08000250   Section        0  libinit2.o(.ARM.Collect$$libinit$$0000000A)
    .ARM.Collect$$libinit$$0000000C          0x08000250   Section        0  libinit2.o(.ARM.Collect$$libinit$$0000000C)
    .ARM.Collect$$libinit$$0000000E          0x08000250   Section        0  libinit2.o(.ARM.Collect$$libinit$$0000000E)
    .ARM.Collect$$libinit$$00000011          0x08000250   Section        0  libinit2.o(.ARM.Collect$$libinit$$00000011)
    .ARM.Collect$$libinit$$00000013          0x08000250   Section        0  libinit2.o(.ARM.Collect$$libinit$$00000013)
    .ARM.Collect$$libinit$$00000015          0x08000250   Section        0  libinit2.o(.ARM.Collect$$libinit$$00000015)
    .ARM.Collect$$libinit$$00000017          0x08000250   Section        0  libinit2.o(.ARM.Collect$$libinit$$00000017)
    .ARM.Collect$$libinit$$00000019          0x08000250   Section        0  libinit2.o(.ARM.Collect$$libinit$$00000019)
    .ARM.Collect$$libinit$$0000001B          0x08000250   Section        0  libinit2.o(.ARM.Collect$$libinit$$0000001B)
    .ARM.Collect$$libinit$$0000001D          0x08000250   Section        0  libinit2.o(.ARM.Collect$$libinit$$0000001D)
    .ARM.Collect$$libinit$$0000001F          0x08000250   Section        0  libinit2.o(.ARM.Collect$$libinit$$0000001F)
    .ARM.Collect$$libinit$$00000021          0x08000250   Section        0  libinit2.o(.ARM.Collect$$libinit$$00000021)
    .ARM.Collect$$libinit$$00000023          0x08000250   Section        0  libinit2.o(.ARM.Collect$$libinit$$00000023)
    .ARM.Collect$$libinit$$00000025          0x08000250   Section        0  libinit2.o(.ARM.Collect$$libinit$$00000025)
    .ARM.Collect$$libinit$$0000002C          0x08000250   Section        0  libinit2.o(.ARM.Collect$$libinit$$0000002C)
    .ARM.Collect$$libinit$$0000002E          0x08000250   Section        0  libinit2.o(.ARM.Collect$$libinit$$0000002E)
    .ARM.Collect$$libinit$$00000030          0x08000250   Section        0  libinit2.o(.ARM.Collect$$libinit$$00000030)
    .ARM.Collect$$libinit$$00000032          0x08000250   Section        0  libinit2.o(.ARM.Collect$$libinit$$00000032)
    .ARM.Collect$$libinit$$00000033          0x08000250   Section        2  libinit2.o(.ARM.Collect$$libinit$$00000033)
    .ARM.Collect$$libshutdown$$00000000      0x08000252   Section        2  libshutdown.o(.ARM.Collect$$libshutdown$$00000000)
    .ARM.Collect$$libshutdown$$00000002      0x08000254   Section        0  libshutdown2.o(.ARM.Collect$$libshutdown$$00000002)
    .ARM.Collect$$libshutdown$$00000004      0x08000254   Section        0  libshutdown2.o(.ARM.Collect$$libshutdown$$00000004)
    .ARM.Collect$$libshutdown$$00000007      0x08000254   Section        0  libshutdown2.o(.ARM.Collect$$libshutdown$$00000007)
    .ARM.Collect$$libshutdown$$0000000A      0x08000254   Section        0  libshutdown2.o(.ARM.Collect$$libshutdown$$0000000A)
    .ARM.Collect$$libshutdown$$0000000C      0x08000254   Section        0  libshutdown2.o(.ARM.Collect$$libshutdown$$0000000C)
    .ARM.Collect$$libshutdown$$0000000F      0x08000254   Section        0  libshutdown2.o(.ARM.Collect$$libshutdown$$0000000F)
    .ARM.Collect$$libshutdown$$00000010      0x08000254   Section        2  libshutdown2.o(.ARM.Collect$$libshutdown$$00000010)
    .ARM.Collect$$rtentry$$00000000          0x08000256   Section        0  __rtentry.o(.ARM.Collect$$rtentry$$00000000)
    .ARM.Collect$$rtentry$$00000002          0x08000256   Section        0  __rtentry2.o(.ARM.Collect$$rtentry$$00000002)
    .ARM.Collect$$rtentry$$00000004          0x08000256   Section        6  __rtentry4.o(.ARM.Collect$$rtentry$$00000004)
    .ARM.Collect$$rtentry$$00000009          0x0800025c   Section        0  __rtentry2.o(.ARM.Collect$$rtentry$$00000009)
    .ARM.Collect$$rtentry$$0000000A          0x0800025c   Section        4  __rtentry2.o(.ARM.Collect$$rtentry$$0000000A)
    .ARM.Collect$$rtentry$$0000000C          0x08000260   Section        0  __rtentry2.o(.ARM.Collect$$rtentry$$0000000C)
    .ARM.Collect$$rtentry$$0000000D          0x08000260   Section        8  __rtentry2.o(.ARM.Collect$$rtentry$$0000000D)
    .ARM.Collect$$rtexit$$00000000           0x08000268   Section        2  rtexit.o(.ARM.Collect$$rtexit$$00000000)
    .ARM.Collect$$rtexit$$00000002           0x0800026a   Section        0  rtexit2.o(.ARM.Collect$$rtexit$$00000002)
    .ARM.Collect$$rtexit$$00000003           0x0800026a   Section        4  rtexit2.o(.ARM.Collect$$rtexit$$00000003)
    .ARM.Collect$$rtexit$$00000004           0x0800026e   Section        6  rtexit2.o(.ARM.Collect$$rtexit$$00000004)
    .emb_text                                0x08000274   Section        0  maybetermalloc1.o(.emb_text)
    .text                                    0x08000274   Section       64  startup_stm32f446xx.o(.text)
    $v0                                      0x08000274   Number         0  startup_stm32f446xx.o(.text)
    .text                                    0x080002b4   Section        0  misc.o(.text)
    .text                                    0x08000394   Section        0  stm32f4xx_rcc.o(.text)
    .text                                    0x08000c18   Section        0  stm32f4xx_spi.o(.text)
    .text                                    0x08001098   Section        0  stm32f4xx_usart.o(.text)
    .text                                    0x080014ec   Section        0  tm_stm32f4_delay.o(.text)
    .text                                    0x08001740   Section        0  tm_stm32f4_disco.o(.text)
    .text                                    0x080017d8   Section        0  tm_stm32f4_nrf24l01.o(.text)
    TM_SPI_Send                              0x080017d9   Thumb Code    66  tm_stm32f4_nrf24l01.o(.text)
    .text                                    0x08001d90   Section        0  tm_stm32f4_spi.o(.text)
    TM_SPIx_Init                             0x08001f47   Thumb Code   334  tm_stm32f4_spi.o(.text)
    .text                                    0x08002540   Section        0  tm_stm32f4_usart.o(.text)
    TM_USART_INT_Init                        0x0800273f   Thumb Code   362  tm_stm32f4_usart.o(.text)
    .text                                    0x08002d40   Section        0  tm_stm32f4_gpio.o(.text)
    .text                                    0x08003040   Section        0  tm_stm32f4_exti.o(.text)
    .text                                    0x0800346c   Section        0  main.o(.text)
    .text                                    0x08003600   Section        0  stm32f4xx_it.o(.text)
    .text                                    0x08003624   Section        0  system_stm32f4xx.o(.text)
    SetSysClock                              0x08003625   Thumb Code   272  system_stm32f4xx.o(.text)
    .text                                    0x080038c4   Section        0  h1_alloc.o(.text)
    .text                                    0x08003922   Section        0  h1_free.o(.text)
    .text                                    0x08003970   Section        0  noretval__2sprintf.o(.text)
    .text                                    0x08003998   Section        0  __printf.o(.text)
    .text                                    0x08003a00   Section        0  _printf_dec.o(.text)
    .text                                    0x08003a78   Section        0  heapauxi.o(.text)
    .text                                    0x08003a80   Section        8  rt_heap_descriptor_intlibspace.o(.text)
    .text                                    0x08003a88   Section        0  hguard.o(.text)
    .text                                    0x08003a8c   Section        0  init_alloc.o(.text)
    .text                                    0x08003b16   Section        0  h1_init.o(.text)
    .text                                    0x08003b24   Section        0  _printf_intcommon.o(.text)
    .text                                    0x08003bd8   Section        0  _printf_char_common.o(.text)
    _printf_input_char                       0x08003bd9   Thumb Code    10  _printf_char_common.o(.text)
    .text                                    0x08003c08   Section        0  _sputc.o(.text)
    .text                                    0x08003c14   Section        8  libspace.o(.text)
    .text                                    0x08003c1c   Section        0  h1_extend.o(.text)
    .text                                    0x08003c50   Section        0  defsig_rtmem_outer.o(.text)
    .text                                    0x08003c5e   Section        2  use_no_semi.o(.text)
    .text                                    0x08003c60   Section        0  indicate_semi.o(.text)
    .text                                    0x08003c60   Section       74  sys_stackheap_outer.o(.text)
    .text                                    0x08003caa   Section        0  exit.o(.text)
    .text                                    0x08003cbc   Section        0  defsig_exit.o(.text)
    .text                                    0x08003cc8   Section        0  defsig_rtmem_inner.o(.text)
    .text                                    0x08003d18   Section        0  sys_exit.o(.text)
    .text                                    0x08003d24   Section        0  defsig_general.o(.text)
    .text                                    0x08003d56   Section        0  sys_wrch.o(.text)
    x$fpl$fpinit                             0x08003d64   Section       10  fpinit.o(x$fpl$fpinit)
    $v0                                      0x08003d64   Number         0  fpinit.o(x$fpl$fpinit)
    .data                                    0x20000000   Section       16  stm32f4xx_rcc.o(.data)
    APBAHBPrescTable                         0x20000000   Data          16  stm32f4xx_rcc.o(.data)
    .data                                    0x20000010   Section       17  tm_stm32f4_delay.o(.data)
    .data                                    0x20000021   Section        1  tm_stm32f4_disco.o(.data)
    TM_INT_DISCO_ButtonPressed               0x20000021   Data           1  tm_stm32f4_disco.o(.data)
    .data                                    0x20000022   Section        4  tm_stm32f4_nrf24l01.o(.data)
    TM_NRF24L01_Struct                       0x20000022   Data           4  tm_stm32f4_nrf24l01.o(.data)
    .data                                    0x20000028   Section       96  tm_stm32f4_usart.o(.data)
    .data                                    0x20000088   Section       12  main.o(.data)
    .data                                    0x20000094   Section       20  system_stm32f4xx.o(.data)
    .bss                                     0x200000a8   Section       24  tm_stm32f4_delay.o(.bss)
    CustomTimers                             0x200000a8   Data          24  tm_stm32f4_delay.o(.bss)
    .bss                                     0x200000c0   Section      192  tm_stm32f4_usart.o(.bss)
    .bss                                     0x20000180   Section       22  tm_stm32f4_gpio.o(.bss)
    GPIO_UsedPins                            0x20000180   Data          22  tm_stm32f4_gpio.o(.bss)
    .bss                                     0x20000196   Section      104  main.o(.bss)
    .bss                                     0x20000200   Section       96  libspace.o(.bss)
    HEAP                                     0x20000260   Section      512  startup_stm32f446xx.o(HEAP)
    Heap_Mem                                 0x20000260   Data         512  startup_stm32f446xx.o(HEAP)
    STACK                                    0x20000460   Section     1024  startup_stm32f446xx.o(STACK)
    Stack_Mem                                0x20000460   Data        1024  startup_stm32f446xx.o(STACK)
    __initial_sp                             0x20000860   Data           0  startup_stm32f446xx.o(STACK)

    Global Symbols

    Symbol Name                              Value     Ov Type        Size  Object(Section)

    BuildAttributes$$THM_ISAv4$E$P$D$K$B$S$7EM$VFPi3$EXTD16$VFPS$VFMA$PE$A:L22UL41UL21$X:L11$S22US41US21$IEEE1$IW$USESV6$~STKCKD$USESV7$~SHL$OTIME$ROPI$EBA8$UX$STANDARDLIB$REQ8$PRES8$EABIv2 0x00000000   Number         0  anon$$obj.o ABSOLUTE
    __ARM_use_no_argv                        0x00000000   Number         0  main.o ABSOLUTE
    TM_DELAY_1msHandler                       - Undefined Weak Reference
    __ARM_exceptions_init                     - Undefined Weak Reference
    __alloca_initialize                       - Undefined Weak Reference
    __arm_preinit_                            - Undefined Weak Reference
    __cpp_initialize__aeabi_                  - Undefined Weak Reference
    __cxa_finalize                            - Undefined Weak Reference
    __rt_locale                               - Undefined Weak Reference
    __sigvec_lookup                           - Undefined Weak Reference
    __user_heap_extent                        - Undefined Weak Reference
    _atexit_init                              - Undefined Weak Reference
    _call_atexit_fns                          - Undefined Weak Reference
    _clock_init                               - Undefined Weak Reference
    _fp_trap_init                             - Undefined Weak Reference
    _fp_trap_shutdown                         - Undefined Weak Reference
    _get_lc_collate                           - Undefined Weak Reference
    _get_lc_ctype                             - Undefined Weak Reference
    _get_lc_monetary                          - Undefined Weak Reference
    _get_lc_numeric                           - Undefined Weak Reference
    _get_lc_time                              - Undefined Weak Reference
    _getenv_init                              - Undefined Weak Reference
    _handle_redirection                       - Undefined Weak Reference
    _initio                                   - Undefined Weak Reference
    _mutex_acquire                            - Undefined Weak Reference
    _mutex_free                               - Undefined Weak Reference
    _mutex_release                            - Undefined Weak Reference
    _printf_post_padding                      - Undefined Weak Reference
    _printf_pre_padding                       - Undefined Weak Reference
    _printf_truncate_signed                   - Undefined Weak Reference
    _printf_truncate_unsigned                 - Undefined Weak Reference
    _rand_init                                - Undefined Weak Reference
    _signal_finish                            - Undefined Weak Reference
    _signal_init                              - Undefined Weak Reference
    _terminateio                              - Undefined Weak Reference
    __Vectors_Size                           0x000001c4   Number         0  startup_stm32f446xx.o ABSOLUTE
    __Vectors                                0x08000000   Data           4  startup_stm32f446xx.o(RESET)
    __Vectors_End                            0x080001c4   Data           0  startup_stm32f446xx.o(RESET)
    __main                                   0x080001c5   Thumb Code     8  __main.o(!!!main)
    __scatterload                            0x080001cd   Thumb Code     0  __scatter.o(!!!scatter)
    __scatterload_rt2                        0x080001cd   Thumb Code    44  __scatter.o(!!!scatter)
    __scatterload_rt2_thumb_only             0x080001cd   Thumb Code     0  __scatter.o(!!!scatter)
    __scatterload_null                       0x080001db   Thumb Code     0  __scatter.o(!!!scatter)
    __scatterload_copy                       0x08000201   Thumb Code    26  __scatter_copy.o(!!handler_copy)
    __scatterload_zeroinit                   0x0800021d   Thumb Code    28  __scatter_zi.o(!!handler_zi)
    _printf_percent                          0x08000239   Thumb Code     0  _printf_percent.o(.ARM.Collect$$_printf_percent$$00000000)
    _printf_u                                0x08000239   Thumb Code     0  _printf_u.o(.ARM.Collect$$_printf_percent$$0000000A)
    _printf_percent_end                      0x0800023f   Thumb Code     0  _printf_percent_end.o(.ARM.Collect$$_printf_percent$$00000017)
    __rt_lib_init                            0x08000243   Thumb Code     0  libinit.o(.ARM.Collect$$libinit$$00000000)
    __rt_lib_init_fp_1                       0x08000245   Thumb Code     0  libinit2.o(.ARM.Collect$$libinit$$00000001)
    __rt_lib_init_heap_2                     0x08000249   Thumb Code     0  libinit2.o(.ARM.Collect$$libinit$$00000005)
    __rt_lib_init_preinit_1                  0x08000249   Thumb Code     0  libinit2.o(.ARM.Collect$$libinit$$00000004)
    __rt_lib_init_alloca_1                   0x08000251   Thumb Code     0  libinit2.o(.ARM.Collect$$libinit$$0000002E)
    __rt_lib_init_argv_1                     0x08000251   Thumb Code     0  libinit2.o(.ARM.Collect$$libinit$$0000002C)
    __rt_lib_init_atexit_1                   0x08000251   Thumb Code     0  libinit2.o(.ARM.Collect$$libinit$$0000001B)
    __rt_lib_init_clock_1                    0x08000251   Thumb Code     0  libinit2.o(.ARM.Collect$$libinit$$00000021)
    __rt_lib_init_cpp_1                      0x08000251   Thumb Code     0  libinit2.o(.ARM.Collect$$libinit$$00000032)
    __rt_lib_init_exceptions_1               0x08000251   Thumb Code     0  libinit2.o(.ARM.Collect$$libinit$$00000030)
    __rt_lib_init_fp_trap_1                  0x08000251   Thumb Code     0  libinit2.o(.ARM.Collect$$libinit$$0000001F)
    __rt_lib_init_getenv_1                   0x08000251   Thumb Code     0  libinit2.o(.ARM.Collect$$libinit$$00000023)
    __rt_lib_init_heap_1                     0x08000251   Thumb Code     0  libinit2.o(.ARM.Collect$$libinit$$0000000A)
    __rt_lib_init_lc_collate_1               0x08000251   Thumb Code     0  libinit2.o(.ARM.Collect$$libinit$$00000011)
    __rt_lib_init_lc_ctype_1                 0x08000251   Thumb Code     0  libinit2.o(.ARM.Collect$$libinit$$00000013)
    __rt_lib_init_lc_monetary_1              0x08000251   Thumb Code     0  libinit2.o(.ARM.Collect$$libinit$$00000015)
    __rt_lib_init_lc_numeric_1               0x08000251   Thumb Code     0  libinit2.o(.ARM.Collect$$libinit$$00000017)
    __rt_lib_init_lc_time_1                  0x08000251   Thumb Code     0  libinit2.o(.ARM.Collect$$libinit$$00000019)
    __rt_lib_init_rand_1                     0x08000251   Thumb Code     0  libinit2.o(.ARM.Collect$$libinit$$0000000E)
    __rt_lib_init_return                     0x08000251   Thumb Code     0  libinit2.o(.ARM.Collect$$libinit$$00000033)
    __rt_lib_init_signal_1                   0x08000251   Thumb Code     0  libinit2.o(.ARM.Collect$$libinit$$0000001D)
    __rt_lib_init_stdio_1                    0x08000251   Thumb Code     0  libinit2.o(.ARM.Collect$$libinit$$00000025)
    __rt_lib_init_user_alloc_1               0x08000251   Thumb Code     0  libinit2.o(.ARM.Collect$$libinit$$0000000C)
    __rt_lib_shutdown                        0x08000253   Thumb Code     0  libshutdown.o(.ARM.Collect$$libshutdown$$00000000)
    __rt_lib_shutdown_cpp_1                  0x08000255   Thumb Code     0  libshutdown2.o(.ARM.Collect$$libshutdown$$00000002)
    __rt_lib_shutdown_fp_trap_1              0x08000255   Thumb Code     0  libshutdown2.o(.ARM.Collect$$libshutdown$$00000007)
    __rt_lib_shutdown_heap_1                 0x08000255   Thumb Code     0  libshutdown2.o(.ARM.Collect$$libshutdown$$0000000F)
    __rt_lib_shutdown_return                 0x08000255   Thumb Code     0  libshutdown2.o(.ARM.Collect$$libshutdown$$00000010)
    __rt_lib_shutdown_signal_1               0x08000255   Thumb Code     0  libshutdown2.o(.ARM.Collect$$libshutdown$$0000000A)
    __rt_lib_shutdown_stdio_1                0x08000255   Thumb Code     0  libshutdown2.o(.ARM.Collect$$libshutdown$$00000004)
    __rt_lib_shutdown_user_alloc_1           0x08000255   Thumb Code     0  libshutdown2.o(.ARM.Collect$$libshutdown$$0000000C)
    __rt_entry                               0x08000257   Thumb Code     0  __rtentry.o(.ARM.Collect$$rtentry$$00000000)
    __rt_entry_presh_1                       0x08000257   Thumb Code     0  __rtentry2.o(.ARM.Collect$$rtentry$$00000002)
    __rt_entry_sh                            0x08000257   Thumb Code     0  __rtentry4.o(.ARM.Collect$$rtentry$$00000004)
    __rt_entry_li                            0x0800025d   Thumb Code     0  __rtentry2.o(.ARM.Collect$$rtentry$$0000000A)
    __rt_entry_postsh_1                      0x0800025d   Thumb Code     0  __rtentry2.o(.ARM.Collect$$rtentry$$00000009)
    __rt_entry_main                          0x08000261   Thumb Code     0  __rtentry2.o(.ARM.Collect$$rtentry$$0000000D)
    __rt_entry_postli_1                      0x08000261   Thumb Code     0  __rtentry2.o(.ARM.Collect$$rtentry$$0000000C)
    __rt_exit                                0x08000269   Thumb Code     0  rtexit.o(.ARM.Collect$$rtexit$$00000000)
    __rt_exit_ls                             0x0800026b   Thumb Code     0  rtexit2.o(.ARM.Collect$$rtexit$$00000003)
    __rt_exit_prels_1                        0x0800026b   Thumb Code     0  rtexit2.o(.ARM.Collect$$rtexit$$00000002)
    __rt_exit_exit                           0x0800026f   Thumb Code     0  rtexit2.o(.ARM.Collect$$rtexit$$00000004)
    Reset_Handler                            0x08000275   Thumb Code     8  startup_stm32f446xx.o(.text)
    _maybe_terminate_alloc                   0x08000275   Thumb Code     0  maybetermalloc1.o(.emb_text)
    ADC_IRQHandler                           0x0800028f   Thumb Code     0  startup_stm32f446xx.o(.text)
    CAN1_RX0_IRQHandler                      0x0800028f   Thumb Code     0  startup_stm32f446xx.o(.text)
    CAN1_RX1_IRQHandler                      0x0800028f   Thumb Code     0  startup_stm32f446xx.o(.text)
    CAN1_SCE_IRQHandler                      0x0800028f   Thumb Code     0  startup_stm32f446xx.o(.text)
    CAN1_TX_IRQHandler                       0x0800028f   Thumb Code     0  startup_stm32f446xx.o(.text)
    CAN2_RX0_IRQHandler                      0x0800028f   Thumb Code     0  startup_stm32f446xx.o(.text)
    CAN2_RX1_IRQHandler                      0x0800028f   Thumb Code     0  startup_stm32f446xx.o(.text)
    CAN2_SCE_IRQHandler                      0x0800028f   Thumb Code     0  startup_stm32f446xx.o(.text)
    CAN2_TX_IRQHandler                       0x0800028f   Thumb Code     0  startup_stm32f446xx.o(.text)
    CEC_IRQHandler                           0x0800028f   Thumb Code     0  startup_stm32f446xx.o(.text)
    DCMI_IRQHandler                          0x0800028f   Thumb Code     0  startup_stm32f446xx.o(.text)
    DMA1_Stream0_IRQHandler                  0x0800028f   Thumb Code     0  startup_stm32f446xx.o(.text)
    DMA1_Stream1_IRQHandler                  0x0800028f   Thumb Code     0  startup_stm32f446xx.o(.text)
    DMA1_Stream2_IRQHandler                  0x0800028f   Thumb Code     0  startup_stm32f446xx.o(.text)
    DMA1_Stream3_IRQHandler                  0x0800028f   Thumb Code     0  startup_stm32f446xx.o(.text)
    DMA1_Stream4_IRQHandler                  0x0800028f   Thumb Code     0  startup_stm32f446xx.o(.text)
    DMA1_Stream5_IRQHandler                  0x0800028f   Thumb Code     0  startup_stm32f446xx.o(.text)
    DMA1_Stream6_IRQHandler                  0x0800028f   Thumb Code     0  startup_stm32f446xx.o(.text)
    DMA1_Stream7_IRQHandler                  0x0800028f   Thumb Code     0  startup_stm32f446xx.o(.text)
    DMA2_Stream0_IRQHandler                  0x0800028f   Thumb Code     0  startup_stm32f446xx.o(.text)
    DMA2_Stream1_IRQHandler                  0x0800028f   Thumb Code     0  startup_stm32f446xx.o(.text)
    DMA2_Stream2_IRQHandler                  0x0800028f   Thumb Code     0  startup_stm32f446xx.o(.text)
    DMA2_Stream3_IRQHandler                  0x0800028f   Thumb Code     0  startup_stm32f446xx.o(.text)
    DMA2_Stream4_IRQHandler                  0x0800028f   Thumb Code     0  startup_stm32f446xx.o(.text)
    DMA2_Stream5_IRQHandler                  0x0800028f   Thumb Code     0  startup_stm32f446xx.o(.text)
    DMA2_Stream6_IRQHandler                  0x0800028f   Thumb Code     0  startup_stm32f446xx.o(.text)
    DMA2_Stream7_IRQHandler                  0x0800028f   Thumb Code     0  startup_stm32f446xx.o(.text)
    FLASH_IRQHandler                         0x0800028f   Thumb Code     0  startup_stm32f446xx.o(.text)
    FMC_IRQHandler                           0x0800028f   Thumb Code     0  startup_stm32f446xx.o(.text)
    FMPI2C1_Error_IRQHandler                 0x0800028f   Thumb Code     0  startup_stm32f446xx.o(.text)
    FMPI2C1_Event_IRQHandler                 0x0800028f   Thumb Code     0  startup_stm32f446xx.o(.text)
    FPU_IRQHandler                           0x0800028f   Thumb Code     0  startup_stm32f446xx.o(.text)
    I2C1_ER_IRQHandler                       0x0800028f   Thumb Code     0  startup_stm32f446xx.o(.text)
    I2C1_EV_IRQHandler                       0x0800028f   Thumb Code     0  startup_stm32f446xx.o(.text)
    I2C2_ER_IRQHandler                       0x0800028f   Thumb Code     0  startup_stm32f446xx.o(.text)
    I2C2_EV_IRQHandler                       0x0800028f   Thumb Code     0  startup_stm32f446xx.o(.text)
    I2C3_ER_IRQHandler                       0x0800028f   Thumb Code     0  startup_stm32f446xx.o(.text)
    I2C3_EV_IRQHandler                       0x0800028f   Thumb Code     0  startup_stm32f446xx.o(.text)
    OTG_FS_IRQHandler                        0x0800028f   Thumb Code     0  startup_stm32f446xx.o(.text)
    OTG_FS_WKUP_IRQHandler                   0x0800028f   Thumb Code     0  startup_stm32f446xx.o(.text)
    OTG_HS_EP1_IN_IRQHandler                 0x0800028f   Thumb Code     0  startup_stm32f446xx.o(.text)
    OTG_HS_EP1_OUT_IRQHandler                0x0800028f   Thumb Code     0  startup_stm32f446xx.o(.text)
    OTG_HS_IRQHandler                        0x0800028f   Thumb Code     0  startup_stm32f446xx.o(.text)
    OTG_HS_WKUP_IRQHandler                   0x0800028f   Thumb Code     0  startup_stm32f446xx.o(.text)
    PVD_IRQHandler                           0x0800028f   Thumb Code     0  startup_stm32f446xx.o(.text)
    QuadSPI_IRQHandler                       0x0800028f   Thumb Code     0  startup_stm32f446xx.o(.text)
    RCC_IRQHandler                           0x0800028f   Thumb Code     0  startup_stm32f446xx.o(.text)
    RTC_Alarm_IRQHandler                     0x0800028f   Thumb Code     0  startup_stm32f446xx.o(.text)
    RTC_WKUP_IRQHandler                      0x0800028f   Thumb Code     0  startup_stm32f446xx.o(.text)
    SAI1_IRQHandler                          0x0800028f   Thumb Code     0  startup_stm32f446xx.o(.text)
    SAI2_IRQHandler                          0x0800028f   Thumb Code     0  startup_stm32f446xx.o(.text)
    SDIO_IRQHandler                          0x0800028f   Thumb Code     0  startup_stm32f446xx.o(.text)
    SPDIF_RX_IRQHandler                      0x0800028f   Thumb Code     0  startup_stm32f446xx.o(.text)
    SPI1_IRQHandler                          0x0800028f   Thumb Code     0  startup_stm32f446xx.o(.text)
    SPI2_IRQHandler                          0x0800028f   Thumb Code     0  startup_stm32f446xx.o(.text)
    SPI3_IRQHandler                          0x0800028f   Thumb Code     0  startup_stm32f446xx.o(.text)
    SPI4_IRQHandler                          0x0800028f   Thumb Code     0  startup_stm32f446xx.o(.text)
    TAMP_STAMP_IRQHandler                    0x0800028f   Thumb Code     0  startup_stm32f446xx.o(.text)
    TIM1_BRK_TIM9_IRQHandler                 0x0800028f   Thumb Code     0  startup_stm32f446xx.o(.text)
    TIM1_CC_IRQHandler                       0x0800028f   Thumb Code     0  startup_stm32f446xx.o(.text)
    TIM1_TRG_COM_TIM11_IRQHandler            0x0800028f   Thumb Code     0  startup_stm32f446xx.o(.text)
    TIM1_UP_TIM10_IRQHandler                 0x0800028f   Thumb Code     0  startup_stm32f446xx.o(.text)
    TIM2_IRQHandler                          0x0800028f   Thumb Code     0  startup_stm32f446xx.o(.text)
    TIM3_IRQHandler                          0x0800028f   Thumb Code     0  startup_stm32f446xx.o(.text)
    TIM4_IRQHandler                          0x0800028f   Thumb Code     0  startup_stm32f446xx.o(.text)
    TIM5_IRQHandler                          0x0800028f   Thumb Code     0  startup_stm32f446xx.o(.text)
    TIM6_DAC_IRQHandler                      0x0800028f   Thumb Code     0  startup_stm32f446xx.o(.text)
    TIM7_IRQHandler                          0x0800028f   Thumb Code     0  startup_stm32f446xx.o(.text)
    TIM8_BRK_TIM12_IRQHandler                0x0800028f   Thumb Code     0  startup_stm32f446xx.o(.text)
    TIM8_CC_IRQHandler                       0x0800028f   Thumb Code     0  startup_stm32f446xx.o(.text)
    TIM8_TRG_COM_TIM14_IRQHandler            0x0800028f   Thumb Code     0  startup_stm32f446xx.o(.text)
    TIM8_UP_TIM13_IRQHandler                 0x0800028f   Thumb Code     0  startup_stm32f446xx.o(.text)
    WWDG_IRQHandler                          0x0800028f   Thumb Code     0  startup_stm32f446xx.o(.text)
    __user_initial_stackheap                 0x08000291   Thumb Code     0  startup_stm32f446xx.o(.text)
    NVIC_PriorityGroupConfig                 0x080002b5   Thumb Code    10  misc.o(.text)
    NVIC_Init                                0x080002bf   Thumb Code   106  misc.o(.text)
    NVIC_SetVectorTable                      0x08000329   Thumb Code    14  misc.o(.text)
    NVIC_SystemLPConfig                      0x08000337   Thumb Code    34  misc.o(.text)
    SysTick_CLKSourceConfig                  0x08000359   Thumb Code    40  misc.o(.text)
    RCC_DeInit                               0x08000395   Thumb Code    82  stm32f4xx_rcc.o(.text)
    RCC_HSEConfig                            0x080003e7   Thumb Code    14  stm32f4xx_rcc.o(.text)
    RCC_GetFlagStatus                        0x080003f5   Thumb Code    60  stm32f4xx_rcc.o(.text)
    RCC_WaitForHSEStartUp                    0x08000431   Thumb Code    56  stm32f4xx_rcc.o(.text)
    RCC_AdjustHSICalibrationValue            0x08000469   Thumb Code    20  stm32f4xx_rcc.o(.text)
    RCC_HSICmd                               0x0800047d   Thumb Code     6  stm32f4xx_rcc.o(.text)
    RCC_LSEConfig                            0x08000483   Thumb Code    46  stm32f4xx_rcc.o(.text)
    RCC_LSICmd                               0x080004b1   Thumb Code     6  stm32f4xx_rcc.o(.text)
    RCC_PLLConfig                            0x080004b7   Thumb Code    38  stm32f4xx_rcc.o(.text)
    RCC_PLLCmd                               0x080004dd   Thumb Code     6  stm32f4xx_rcc.o(.text)
    RCC_PLLI2SConfig                         0x080004e3   Thumb Code    34  stm32f4xx_rcc.o(.text)
    RCC_PLLI2SCmd                            0x08000505   Thumb Code     6  stm32f4xx_rcc.o(.text)
    RCC_PLLSAIConfig                         0x0800050b   Thumb Code    28  stm32f4xx_rcc.o(.text)
    RCC_PLLSAICmd                            0x08000527   Thumb Code     6  stm32f4xx_rcc.o(.text)
    RCC_ClockSecuritySystemCmd               0x0800052d   Thumb Code     6  stm32f4xx_rcc.o(.text)
    RCC_MCO1Config                           0x08000533   Thumb Code    28  stm32f4xx_rcc.o(.text)
    RCC_MCO2Config                           0x0800054f   Thumb Code    28  stm32f4xx_rcc.o(.text)
    RCC_SYSCLKConfig                         0x0800056b   Thumb Code    20  stm32f4xx_rcc.o(.text)
    RCC_GetSYSCLKSource                      0x0800057f   Thumb Code    12  stm32f4xx_rcc.o(.text)
    RCC_HCLKConfig                           0x0800058b   Thumb Code    20  stm32f4xx_rcc.o(.text)
    RCC_PCLK1Config                          0x0800059f   Thumb Code    20  stm32f4xx_rcc.o(.text)
    RCC_PCLK2Config                          0x080005b3   Thumb Code    22  stm32f4xx_rcc.o(.text)
    RCC_GetClocksFreq                        0x080005c9   Thumb Code   492  stm32f4xx_rcc.o(.text)
    RCC_RTCCLKConfig                         0x080007b5   Thumb Code    50  stm32f4xx_rcc.o(.text)
    RCC_RTCCLKCmd                            0x080007e7   Thumb Code     6  stm32f4xx_rcc.o(.text)
    RCC_BackupResetCmd                       0x080007ed   Thumb Code     8  stm32f4xx_rcc.o(.text)
    RCC_I2SCLKConfig                         0x080007f5   Thumb Code    56  stm32f4xx_rcc.o(.text)
    RCC_SAICLKConfig                         0x0800082d   Thumb Code    56  stm32f4xx_rcc.o(.text)
    RCC_SAIPLLI2SClkDivConfig                0x08000865   Thumb Code    26  stm32f4xx_rcc.o(.text)
    RCC_SAIPLLSAIClkDivConfig                0x0800087f   Thumb Code    28  stm32f4xx_rcc.o(.text)
    RCC_LTDCCLKDivConfig                     0x0800089b   Thumb Code    20  stm32f4xx_rcc.o(.text)
    RCC_TIMCLKPresConfig                     0x080008af   Thumb Code     6  stm32f4xx_rcc.o(.text)
    RCC_AHB1PeriphClockCmd                   0x080008b5   Thumb Code    34  stm32f4xx_rcc.o(.text)
    RCC_AHB2PeriphClockCmd                   0x080008d7   Thumb Code    34  stm32f4xx_rcc.o(.text)
    RCC_AHB3PeriphClockCmd                   0x080008f9   Thumb Code    34  stm32f4xx_rcc.o(.text)
    RCC_APB1PeriphClockCmd                   0x0800091b   Thumb Code    34  stm32f4xx_rcc.o(.text)
    RCC_APB2PeriphClockCmd                   0x0800093d   Thumb Code    34  stm32f4xx_rcc.o(.text)
    RCC_AHB1PeriphResetCmd                   0x0800095f   Thumb Code    34  stm32f4xx_rcc.o(.text)
    RCC_AHB2PeriphResetCmd                   0x08000981   Thumb Code    34  stm32f4xx_rcc.o(.text)
    RCC_AHB3PeriphResetCmd                   0x080009a3   Thumb Code    34  stm32f4xx_rcc.o(.text)
    RCC_APB1PeriphResetCmd                   0x080009c5   Thumb Code    34  stm32f4xx_rcc.o(.text)
    RCC_APB2PeriphResetCmd                   0x080009e7   Thumb Code    34  stm32f4xx_rcc.o(.text)
    RCC_AHB1PeriphClockLPModeCmd             0x08000a09   Thumb Code    34  stm32f4xx_rcc.o(.text)
    RCC_AHB2PeriphClockLPModeCmd             0x08000a2b   Thumb Code    34  stm32f4xx_rcc.o(.text)
    RCC_AHB3PeriphClockLPModeCmd             0x08000a4d   Thumb Code    34  stm32f4xx_rcc.o(.text)
    RCC_APB1PeriphClockLPModeCmd             0x08000a6f   Thumb Code    34  stm32f4xx_rcc.o(.text)
    RCC_APB2PeriphClockLPModeCmd             0x08000a91   Thumb Code    34  stm32f4xx_rcc.o(.text)
    RCC_LSEModeConfig                        0x08000ab3   Thumb Code    40  stm32f4xx_rcc.o(.text)
    RCC_48MHzClockSourceConfig               0x08000adb   Thumb Code    40  stm32f4xx_rcc.o(.text)
    RCC_SDIOClockSourceConfig                0x08000b03   Thumb Code    40  stm32f4xx_rcc.o(.text)
    RCC_AHB1ClockGatingCmd                   0x08000b2b   Thumb Code    34  stm32f4xx_rcc.o(.text)
    RCC_SPDIFRXClockSourceConfig             0x08000b4d   Thumb Code    40  stm32f4xx_rcc.o(.text)
    RCC_CECClockSourceConfig                 0x08000b75   Thumb Code    56  stm32f4xx_rcc.o(.text)
    RCC_FMPI2C1ClockSourceConfig             0x08000bad   Thumb Code    22  stm32f4xx_rcc.o(.text)
    RCC_ITConfig                             0x08000bc3   Thumb Code    34  stm32f4xx_rcc.o(.text)
    RCC_ClearFlag                            0x08000be5   Thumb Code    18  stm32f4xx_rcc.o(.text)
    RCC_GetITStatus                          0x08000bf7   Thumb Code    22  stm32f4xx_rcc.o(.text)
    RCC_ClearITPendingBit                    0x08000c0d   Thumb Code     8  stm32f4xx_rcc.o(.text)
    SPI_I2S_DeInit                           0x08000c19   Thumb Code   152  stm32f4xx_spi.o(.text)
    SPI_Init                                 0x08000cb1   Thumb Code    60  stm32f4xx_spi.o(.text)
    I2S_Init                                 0x08000ced   Thumb Code   396  stm32f4xx_spi.o(.text)
    SPI_StructInit                           0x08000e79   Thumb Code    24  stm32f4xx_spi.o(.text)
    I2S_StructInit                           0x08000e91   Thumb Code    20  stm32f4xx_spi.o(.text)
    SPI_Cmd                                  0x08000ea5   Thumb Code    24  stm32f4xx_spi.o(.text)
    I2S_Cmd                                  0x08000ebd   Thumb Code    24  stm32f4xx_spi.o(.text)
    SPI_DataSizeConfig                       0x08000ed5   Thumb Code    18  stm32f4xx_spi.o(.text)
    SPI_BiDirectionalLineConfig              0x08000ee7   Thumb Code    28  stm32f4xx_spi.o(.text)
    SPI_NSSInternalSoftwareConfig            0x08000f03   Thumb Code    30  stm32f4xx_spi.o(.text)
    SPI_SSOutputCmd                          0x08000f21   Thumb Code    24  stm32f4xx_spi.o(.text)
    SPI_TIModeCmd                            0x08000f39   Thumb Code    24  stm32f4xx_spi.o(.text)
    I2S_FullDuplexConfig                     0x08000f51   Thumb Code    80  stm32f4xx_spi.o(.text)
    SPI_I2S_ReceiveData                      0x08000fa1   Thumb Code     6  stm32f4xx_spi.o(.text)
    SPI_I2S_SendData                         0x08000fa7   Thumb Code     4  stm32f4xx_spi.o(.text)
    SPI_CalculateCRC                         0x08000fab   Thumb Code    24  stm32f4xx_spi.o(.text)
    SPI_TransmitCRC                          0x08000fc3   Thumb Code    10  stm32f4xx_spi.o(.text)
    SPI_GetCRC                               0x08000fcd   Thumb Code    16  stm32f4xx_spi.o(.text)
    SPI_GetCRCPolynomial                     0x08000fdd   Thumb Code     6  stm32f4xx_spi.o(.text)
    SPI_I2S_DMACmd                           0x08000fe3   Thumb Code    18  stm32f4xx_spi.o(.text)
    SPI_I2S_ITConfig                         0x08000ff5   Thumb Code    68  stm32f4xx_spi.o(.text)
    SPI_I2S_GetFlagStatus                    0x08001039   Thumb Code    18  stm32f4xx_spi.o(.text)
    SPI_I2S_ClearFlag                        0x0800104b   Thumb Code     6  stm32f4xx_spi.o(.text)
    SPI_I2S_GetITStatus                      0x08001051   Thumb Code    52  stm32f4xx_spi.o(.text)
    SPI_I2S_ClearITPendingBit                0x08001085   Thumb Code    20  stm32f4xx_spi.o(.text)
    USART_DeInit                             0x08001099   Thumb Code   206  stm32f4xx_usart.o(.text)
    USART_Init                               0x08001167   Thumb Code   204  stm32f4xx_usart.o(.text)
    USART_StructInit                         0x08001233   Thumb Code    24  stm32f4xx_usart.o(.text)
    USART_ClockInit                          0x0800124b   Thumb Code    32  stm32f4xx_usart.o(.text)
    USART_ClockStructInit                    0x0800126b   Thumb Code    12  stm32f4xx_usart.o(.text)
    USART_Cmd                                0x08001277   Thumb Code    24  stm32f4xx_usart.o(.text)
    USART_SetPrescaler                       0x0800128f   Thumb Code    16  stm32f4xx_usart.o(.text)
    USART_OverSampling8Cmd                   0x0800129f   Thumb Code    22  stm32f4xx_usart.o(.text)
    USART_OneBitMethodCmd                    0x080012b5   Thumb Code    24  stm32f4xx_usart.o(.text)
    USART_SendData                           0x080012cd   Thumb Code     8  stm32f4xx_usart.o(.text)
    USART_ReceiveData                        0x080012d5   Thumb Code    10  stm32f4xx_usart.o(.text)
    USART_SetAddress                         0x080012df   Thumb Code    18  stm32f4xx_usart.o(.text)
    USART_ReceiverWakeUpCmd                  0x080012f1   Thumb Code    24  stm32f4xx_usart.o(.text)
    USART_WakeUpConfig                       0x08001309   Thumb Code    18  stm32f4xx_usart.o(.text)
    USART_LINBreakDetectLengthConfig         0x0800131b   Thumb Code    18  stm32f4xx_usart.o(.text)
    USART_LINCmd                             0x0800132d   Thumb Code    24  stm32f4xx_usart.o(.text)
    USART_SendBreak                          0x08001345   Thumb Code    10  stm32f4xx_usart.o(.text)
    USART_HalfDuplexCmd                      0x0800134f   Thumb Code    24  stm32f4xx_usart.o(.text)
    USART_SetGuardTime                       0x08001367   Thumb Code    16  stm32f4xx_usart.o(.text)
    USART_SmartCardCmd                       0x08001377   Thumb Code    24  stm32f4xx_usart.o(.text)
    USART_SmartCardNACKCmd                   0x0800138f   Thumb Code    24  stm32f4xx_usart.o(.text)
    USART_IrDAConfig                         0x080013a7   Thumb Code    18  stm32f4xx_usart.o(.text)
    USART_IrDACmd                            0x080013b9   Thumb Code    24  stm32f4xx_usart.o(.text)
    USART_DMACmd                             0x080013d1   Thumb Code    18  stm32f4xx_usart.o(.text)
    USART_ITConfig                           0x080013e3   Thumb Code    74  stm32f4xx_usart.o(.text)
    USART_GetFlagStatus                      0x0800142d   Thumb Code    26  stm32f4xx_usart.o(.text)
    USART_ClearFlag                          0x08001447   Thumb Code    18  stm32f4xx_usart.o(.text)
    USART_GetITStatus                        0x08001459   Thumb Code   118  stm32f4xx_usart.o(.text)
    USART_ClearITPendingBit                  0x080014cf   Thumb Code    30  stm32f4xx_usart.o(.text)
    TimingDelay_Decrement                    0x080014ed   Thumb Code   162  tm_stm32f4_delay.o(.text)
    TM_DELAY_Init                            0x0800158f   Thumb Code   110  tm_stm32f4_delay.o(.text)
    TM_DELAY_EnableDelayTimer                0x080015fd   Thumb Code    28  tm_stm32f4_delay.o(.text)
    TM_DELAY_DisableDelayTimer               0x08001619   Thumb Code    18  tm_stm32f4_delay.o(.text)
    TM_DELAY_TimerCreate                     0x0800162b   Thumb Code    90  tm_stm32f4_delay.o(.text)
    TM_DELAY_TimerDelete                     0x08001685   Thumb Code   126  tm_stm32f4_delay.o(.text)
    TM_DELAY_TimerStop                       0x08001703   Thumb Code     6  tm_stm32f4_delay.o(.text)
    TM_DELAY_TimerStart                      0x08001709   Thumb Code     6  tm_stm32f4_delay.o(.text)
    TM_DELAY_TimerReset                      0x0800170f   Thumb Code     6  tm_stm32f4_delay.o(.text)
    TM_DELAY_TimerAutoReload                 0x08001715   Thumb Code     4  tm_stm32f4_delay.o(.text)
    TM_DELAY_TimerAutoReloadValue            0x08001719   Thumb Code     4  tm_stm32f4_delay.o(.text)
    TM_DISCO_LedInit                         0x08001741   Thumb Code    36  tm_stm32f4_disco.o(.text)
    TM_DISCO_ButtonInit                      0x08001765   Thumb Code    24  tm_stm32f4_disco.o(.text)
    TM_DISCO_ButtonOnPressed                 0x0800177d   Thumb Code    38  tm_stm32f4_disco.o(.text)
    TM_DISCO_ButtonOnReleased                0x080017a3   Thumb Code    40  tm_stm32f4_disco.o(.text)
    TM_NRF24L01_InitPins                     0x0800181b   Thumb Code    56  tm_stm32f4_nrf24l01.o(.text)
    TM_NRF24L01_WriteRegister                0x08001853   Thumb Code    46  tm_stm32f4_nrf24l01.o(.text)
    TM_NRF24L01_PowerUpRx                    0x08001881   Thumb Code    64  tm_stm32f4_nrf24l01.o(.text)
    TM_NRF24L01_SetRF                        0x080018c1   Thumb Code    68  tm_stm32f4_nrf24l01.o(.text)
    TM_NRF24L01_SetChannel                   0x08001905   Thumb Code    30  tm_stm32f4_nrf24l01.o(.text)
    TM_NRF24L01_WriteRegisterMulti           0x08001923   Thumb Code    50  tm_stm32f4_nrf24l01.o(.text)
    TM_NRF24L01_SoftwareReset                0x08001955   Thumb Code   284  tm_stm32f4_nrf24l01.o(.text)
    TM_NRF24L01_Init                         0x08001a71   Thumb Code   238  tm_stm32f4_nrf24l01.o(.text)
    TM_NRF24L01_SetMyAddress                 0x08001b5f   Thumb Code    32  tm_stm32f4_nrf24l01.o(.text)
    TM_NRF24L01_SetTxAddress                 0x08001b7f   Thumb Code    26  tm_stm32f4_nrf24l01.o(.text)
    TM_NRF24L01_ReadRegister                 0x08001b99   Thumb Code    44  tm_stm32f4_nrf24l01.o(.text)
    TM_NRF24L01_WriteBit                     0x08001bc5   Thumb Code    48  tm_stm32f4_nrf24l01.o(.text)
    TM_NRF24L01_ReadBit                      0x08001bf5   Thumb Code    44  tm_stm32f4_nrf24l01.o(.text)
    TM_NRF24L01_ReadRegisterMulti            0x08001c21   Thumb Code    48  tm_stm32f4_nrf24l01.o(.text)
    TM_NRF24L01_PowerUpTx                    0x08001c51   Thumb Code    24  tm_stm32f4_nrf24l01.o(.text)
    TM_NRF24L01_PowerDown                    0x08001c69   Thumb Code    22  tm_stm32f4_nrf24l01.o(.text)
    TM_NRF24L01_Transmit                     0x08001c7f   Thumb Code    82  tm_stm32f4_nrf24l01.o(.text)
    TM_NRF24L01_GetData                      0x08001cd1   Thumb Code    52  tm_stm32f4_nrf24l01.o(.text)
    TM_NRF24L01_RxFifoEmpty                  0x08001d05   Thumb Code    16  tm_stm32f4_nrf24l01.o(.text)
    TM_NRF24L01_GetStatus                    0x08001d15   Thumb Code    32  tm_stm32f4_nrf24l01.o(.text)
    TM_NRF24L01_DataReady                    0x08001d35   Thumb Code    32  tm_stm32f4_nrf24l01.o(.text)
    TM_NRF24L01_GetTransmissionStatus        0x08001d55   Thumb Code    32  tm_stm32f4_nrf24l01.o(.text)
    TM_NRF24L01_GetRetransmissionsCount      0x08001d75   Thumb Code    14  tm_stm32f4_nrf24l01.o(.text)
    TM_SPI_InitCustomPinsCallback            0x08001d91   Thumb Code     2  tm_stm32f4_spi.o(.text)
    TM_SPI6_INT_InitPins                     0x08001d93   Thumb Code    42  tm_stm32f4_spi.o(.text)
    TM_SPI5_INT_InitPins                     0x08001dbd   Thumb Code    86  tm_stm32f4_spi.o(.text)
    TM_SPI4_INT_InitPins                     0x08001e13   Thumb Code    66  tm_stm32f4_spi.o(.text)
    TM_SPI3_INT_InitPins                     0x08001e55   Thumb Code    66  tm_stm32f4_spi.o(.text)
    TM_SPI2_INT_InitPins                     0x08001e97   Thumb Code   112  tm_stm32f4_spi.o(.text)
    TM_SPI1_INT_InitPins                     0x08001f07   Thumb Code    64  tm_stm32f4_spi.o(.text)
    TM_SPI_Init                              0x08002095   Thumb Code   176  tm_stm32f4_spi.o(.text)
    TM_SPI_InitWithMode                      0x08002145   Thumb Code   240  tm_stm32f4_spi.o(.text)
    TM_SPI_InitFull                          0x08002235   Thumb Code   140  tm_stm32f4_spi.o(.text)
    TM_SPI_GetPrescalerFromMaxFrequency      0x080022c1   Thumb Code    88  tm_stm32f4_spi.o(.text)
    TM_SPI_SetDataSize                       0x08002319   Thumb Code    48  tm_stm32f4_spi.o(.text)
    TM_SPI_SendMulti                         0x08002349   Thumb Code    80  tm_stm32f4_spi.o(.text)
    TM_SPI_WriteMulti                        0x08002399   Thumb Code    78  tm_stm32f4_spi.o(.text)
    TM_SPI_ReadMulti                         0x080023e7   Thumb Code    78  tm_stm32f4_spi.o(.text)
    TM_SPI_SendMulti16                       0x08002435   Thumb Code    84  tm_stm32f4_spi.o(.text)
    TM_SPI_WriteMulti16                      0x08002489   Thumb Code    80  tm_stm32f4_spi.o(.text)
    TM_SPI_ReadMulti16                       0x080024d9   Thumb Code    80  tm_stm32f4_spi.o(.text)
    TM_USART_INT_GetSubPriority              0x08002541   Thumb Code    52  tm_stm32f4_usart.o(.text)
    TM_USART_InitCustomPinsCallback          0x08002575   Thumb Code     2  tm_stm32f4_usart.o(.text)
    TM_USART6_InitPins                       0x08002577   Thumb Code    66  tm_stm32f4_usart.o(.text)
    TM_UART5_InitPins                        0x080025b9   Thumb Code    60  tm_stm32f4_usart.o(.text)
    TM_UART4_InitPins                        0x080025f5   Thumb Code    62  tm_stm32f4_usart.o(.text)
    TM_USART3_InitPins                       0x08002633   Thumb Code    88  tm_stm32f4_usart.o(.text)
    TM_USART2_InitPins                       0x0800268b   Thumb Code    64  tm_stm32f4_usart.o(.text)
    TM_USART1_InitPins                       0x080026cb   Thumb Code    64  tm_stm32f4_usart.o(.text)
    TM_USART_INT_GetUsart                    0x0800270b   Thumb Code    52  tm_stm32f4_usart.o(.text)
    TM_USART_Init                            0x080028a9   Thumb Code   264  tm_stm32f4_usart.o(.text)
    TM_USART_InitWithFlowControl             0x080029b1   Thumb Code   196  tm_stm32f4_usart.o(.text)
    TM_USART_Getc                            0x08002a75   Thumb Code    68  tm_stm32f4_usart.o(.text)
    TM_USART_FindCharacter                   0x08002ab9   Thumb Code    56  tm_stm32f4_usart.o(.text)
    TM_USART_Gets                            0x08002af1   Thumb Code    94  tm_stm32f4_usart.o(.text)
    TM_USART_BufferEmpty                     0x08002b4f   Thumb Code    32  tm_stm32f4_usart.o(.text)
    TM_USART_BufferFull                      0x08002b6f   Thumb Code    28  tm_stm32f4_usart.o(.text)
    TM_USART_ClearBuffer                     0x08002b8b   Thumb Code    22  tm_stm32f4_usart.o(.text)
    TM_USART_SetCustomStringEndCharacter     0x08002ba1   Thumb Code    18  tm_stm32f4_usart.o(.text)
    TM_USART_Puts                            0x08002bb3   Thumb Code    70  tm_stm32f4_usart.o(.text)
    TM_USART_Send                            0x08002bf9   Thumb Code    74  tm_stm32f4_usart.o(.text)
    TM_USART_INT_InsertToBuffer              0x08002c43   Thumb Code    40  tm_stm32f4_usart.o(.text)
    USART1_IRQHandler                        0x08002c6b   Thumb Code    26  tm_stm32f4_usart.o(.text)
    USART2_IRQHandler                        0x08002c85   Thumb Code    28  tm_stm32f4_usart.o(.text)
    USART3_IRQHandler                        0x08002ca1   Thumb Code    28  tm_stm32f4_usart.o(.text)
    UART4_IRQHandler                         0x08002cbd   Thumb Code    28  tm_stm32f4_usart.o(.text)
    UART5_IRQHandler                         0x08002cd9   Thumb Code    26  tm_stm32f4_usart.o(.text)
    USART6_IRQHandler                        0x08002cf3   Thumb Code    28  tm_stm32f4_usart.o(.text)
    TM_GPIO_GetPortSource                    0x08002d41   Thumb Code    14  tm_stm32f4_gpio.o(.text)
    TM_GPIO_INT_Init                         0x08002d4f   Thumb Code   170  tm_stm32f4_gpio.o(.text)
    TM_GPIO_INT_EnableClock                  0x08002df9   Thumb Code    28  tm_stm32f4_gpio.o(.text)
    TM_GPIO_Init                             0x08002e15   Thumb Code    48  tm_stm32f4_gpio.o(.text)
    TM_GPIO_InitAlternate                    0x08002e45   Thumb Code   110  tm_stm32f4_gpio.o(.text)
    TM_GPIO_DeInit                           0x08002eb3   Thumb Code    66  tm_stm32f4_gpio.o(.text)
    TM_GPIO_SetPinAsInput                    0x08002ef5   Thumb Code    38  tm_stm32f4_gpio.o(.text)
    TM_GPIO_SetPinAsOutput                   0x08002f1b   Thumb Code    46  tm_stm32f4_gpio.o(.text)
    TM_GPIO_SetPinAsAnalog                   0x08002f49   Thumb Code    38  tm_stm32f4_gpio.o(.text)
    TM_GPIO_SetPinAsAlternate                0x08002f6f   Thumb Code    50  tm_stm32f4_gpio.o(.text)
    TM_GPIO_SetPullResistor                  0x08002fa1   Thumb Code    50  tm_stm32f4_gpio.o(.text)
    TM_GPIO_Lock                             0x08002fd3   Thumb Code    16  tm_stm32f4_gpio.o(.text)
    TM_GPIO_GetPinSource                     0x08002fe3   Thumb Code    18  tm_stm32f4_gpio.o(.text)
    TM_GPIO_INT_DisableClock                 0x08002ff5   Thumb Code    26  tm_stm32f4_gpio.o(.text)
    TM_GPIO_GetUsedPins                      0x0800300f   Thumb Code    18  tm_stm32f4_gpio.o(.text)
    TM_GPIO_GetFreePins                      0x08003021   Thumb Code    22  tm_stm32f4_gpio.o(.text)
    TM_EXTI_Attach                           0x08003041   Thumb Code   506  tm_stm32f4_exti.o(.text)
    TM_EXTI_Detach                           0x0800323b   Thumb Code    50  tm_stm32f4_exti.o(.text)
    TM_EXTI_DeInit                           0x0800326d   Thumb Code    70  tm_stm32f4_exti.o(.text)
    EXTI0_IRQHandler                         0x080032b3   Thumb Code    28  tm_stm32f4_exti.o(.text)
    EXTI1_IRQHandler                         0x080032cf   Thumb Code    28  tm_stm32f4_exti.o(.text)
    EXTI2_IRQHandler                         0x080032eb   Thumb Code    28  tm_stm32f4_exti.o(.text)
    EXTI3_IRQHandler                         0x08003307   Thumb Code    28  tm_stm32f4_exti.o(.text)
    EXTI4_IRQHandler                         0x08003323   Thumb Code    28  tm_stm32f4_exti.o(.text)
    EXTI9_5_IRQHandler                       0x0800333f   Thumb Code   128  tm_stm32f4_exti.o(.text)
    EXTI15_10_IRQHandler                     0x080033bf   Thumb Code   160  tm_stm32f4_exti.o(.text)
    main                                     0x0800346d   Thumb Code   202  main.o(.text)
    TM_EXTI_Handler                          0x08003537   Thumb Code    94  main.o(.text)
    NMI_Handler                              0x08003601   Thumb Code     2  stm32f4xx_it.o(.text)
    HardFault_Handler                        0x08003603   Thumb Code     4  stm32f4xx_it.o(.text)
    MemManage_Handler                        0x08003607   Thumb Code     4  stm32f4xx_it.o(.text)
    BusFault_Handler                         0x0800360b   Thumb Code     4  stm32f4xx_it.o(.text)
    UsageFault_Handler                       0x0800360f   Thumb Code     4  stm32f4xx_it.o(.text)
    SVC_Handler                              0x08003613   Thumb Code     2  stm32f4xx_it.o(.text)
    DebugMon_Handler                         0x08003615   Thumb Code     2  stm32f4xx_it.o(.text)
    PendSV_Handler                           0x08003617   Thumb Code     2  stm32f4xx_it.o(.text)
    SysTick_Handler                          0x0800361b   Thumb Code     8  stm32f4xx_it.o(.text)
    SystemInit                               0x08003735   Thumb Code    88  system_stm32f4xx.o(.text)
    SystemCoreClockUpdate                    0x0800378d   Thumb Code   268  system_stm32f4xx.o(.text)
    malloc                                   0x080038c5   Thumb Code    94  h1_alloc.o(.text)
    free                                     0x08003923   Thumb Code    78  h1_free.o(.text)
    __2sprintf                               0x08003971   Thumb Code    34  noretval__2sprintf.o(.text)
    __printf                                 0x08003999   Thumb Code   104  __printf.o(.text)
    _printf_int_dec                          0x08003a01   Thumb Code   104  _printf_dec.o(.text)
    __use_two_region_memory                  0x08003a79   Thumb Code     2  heapauxi.o(.text)
    __rt_heap_escrow                         0x08003a7b   Thumb Code     2  heapauxi.o(.text)
    __rt_heap_expand                         0x08003a7d   Thumb Code     2  heapauxi.o(.text)
    __rt_heap_descriptor                     0x08003a81   Thumb Code     8  rt_heap_descriptor_intlibspace.o(.text)
    __use_no_heap                            0x08003a89   Thumb Code     2  hguard.o(.text)
    __heap$guard                             0x08003a8b   Thumb Code     2  hguard.o(.text)
    _terminate_user_alloc                    0x08003a8d   Thumb Code     2  init_alloc.o(.text)
    _init_user_alloc                         0x08003a8f   Thumb Code     2  init_alloc.o(.text)
    __Heap_Full                              0x08003a91   Thumb Code    34  init_alloc.o(.text)
    __Heap_Broken                            0x08003ab3   Thumb Code     6  init_alloc.o(.text)
    _init_alloc                              0x08003ab9   Thumb Code    94  init_alloc.o(.text)
    __Heap_Initialize                        0x08003b17   Thumb Code    10  h1_init.o(.text)
    __Heap_DescSize                          0x08003b21   Thumb Code     4  h1_init.o(.text)
    _printf_int_common                       0x08003b25   Thumb Code   178  _printf_intcommon.o(.text)
    _printf_char_common                      0x08003be3   Thumb Code    32  _printf_char_common.o(.text)
    _sputc                                   0x08003c09   Thumb Code    10  _sputc.o(.text)
    __user_libspace                          0x08003c15   Thumb Code     8  libspace.o(.text)
    __user_perproc_libspace                  0x08003c15   Thumb Code     0  libspace.o(.text)
    __user_perthread_libspace                0x08003c15   Thumb Code     0  libspace.o(.text)
    __Heap_ProvideMemory                     0x08003c1d   Thumb Code    52  h1_extend.o(.text)
    __rt_SIGRTMEM                            0x08003c51   Thumb Code    14  defsig_rtmem_outer.o(.text)
    __I$use$semihosting                      0x08003c5f   Thumb Code     0  use_no_semi.o(.text)
    __use_no_semihosting_swi                 0x08003c5f   Thumb Code     2  use_no_semi.o(.text)
    __semihosting_library_function           0x08003c61   Thumb Code     0  indicate_semi.o(.text)
    __user_setup_stackheap                   0x08003c61   Thumb Code    74  sys_stackheap_outer.o(.text)
    exit                                     0x08003cab   Thumb Code    18  exit.o(.text)
    __sig_exit                               0x08003cbd   Thumb Code    10  defsig_exit.o(.text)
    __rt_SIGRTMEM_inner                      0x08003cc9   Thumb Code    22  defsig_rtmem_inner.o(.text)
    _sys_exit                                0x08003d19   Thumb Code     8  sys_exit.o(.text)
    __default_signal_display                 0x08003d25   Thumb Code    50  defsig_general.o(.text)
    _ttywrch                                 0x08003d57   Thumb Code    14  sys_wrch.o(.text)
    _fp_init                                 0x08003d65   Thumb Code    10  fpinit.o(x$fpl$fpinit)
    __fplib_config_fpu_vfp                   0x08003d6d   Thumb Code     0  fpinit.o(x$fpl$fpinit)
    __fplib_config_pureend_doubles           0x08003d6d   Thumb Code     0  fpinit.o(x$fpl$fpinit)
    Region$$Table$$Base                      0x08003d70   Number         0  anon$$obj.o(Region$$Table)
    Region$$Table$$Limit                     0x08003d90   Number         0  anon$$obj.o(Region$$Table)
    TM_TimingDelay                           0x20000010   Data           4  tm_stm32f4_delay.o(.data)
    TM_Time                                  0x20000014   Data           4  tm_stm32f4_delay.o(.data)
    TM_Time2                                 0x20000018   Data           4  tm_stm32f4_delay.o(.data)
    mult                                     0x2000001c   Data           4  tm_stm32f4_delay.o(.data)
    TM_DELAY_Initialized                     0x20000020   Data           1  tm_stm32f4_delay.o(.data)
    TM_USART1                                0x20000028   Data          16  tm_stm32f4_usart.o(.data)
    TM_USART2                                0x20000038   Data          16  tm_stm32f4_usart.o(.data)
    TM_USART3                                0x20000048   Data          16  tm_stm32f4_usart.o(.data)
    TM_UART4                                 0x20000058   Data          16  tm_stm32f4_usart.o(.data)
    TM_UART5                                 0x20000068   Data          16  tm_stm32f4_usart.o(.data)
    TM_USART6                                0x20000078   Data          16  tm_stm32f4_usart.o(.data)
    MyAddress                                0x20000088   Data           5  main.o(.data)
    TxAddress                                0x2000008d   Data           5  main.o(.data)
    transmissionStatus                       0x20000092   Data           1  main.o(.data)
    printed                                  0x20000093   Data           1  main.o(.data)
    SystemCoreClock                          0x20000094   Data           4  system_stm32f4xx.o(.data)
    AHBPrescTable                            0x20000098   Data          16  system_stm32f4xx.o(.data)
    TM_USART1_Buffer                         0x200000c0   Data          32  tm_stm32f4_usart.o(.bss)
    TM_USART2_Buffer                         0x200000e0   Data          32  tm_stm32f4_usart.o(.bss)
    TM_USART3_Buffer                         0x20000100   Data          32  tm_stm32f4_usart.o(.bss)
    TM_UART4_Buffer                          0x20000120   Data          32  tm_stm32f4_usart.o(.bss)
    TM_UART5_Buffer                          0x20000140   Data          32  tm_stm32f4_usart.o(.bss)
    TM_USART6_Buffer                         0x20000160   Data          32  tm_stm32f4_usart.o(.bss)
    dataOut                                  0x20000196   Data          32  main.o(.bss)
    dataIn                                   0x200001b6   Data          32  main.o(.bss)
    str                                      0x200001d6   Data          40  main.o(.bss)
    __libspace_start                         0x20000200   Data          96  libspace.o(.bss)
    __temporary_stack_top$libspace           0x20000260   Data           0  libspace.o(.bss)



==============================================================================

Memory Map of the image

  Image Entry point : 0x080001c5

  Load Region LR_IROM1 (Base: 0x08000000, Size: 0x00003e38, Max: 0x00100000, ABSOLUTE)

    Execution Region ER_IROM1 (Exec base: 0x08000000, Load base: 0x08000000, Size: 0x00003d90, Max: 0x00100000, ABSOLUTE)

    Exec Addr    Load Addr    Size         Type   Attr      Idx    E Section Name        Object

    0x08000000   0x08000000   0x000001c4   Data   RO            3    RESET               startup_stm32f446xx.o
    0x080001c4   0x080001c4   0x00000008   Code   RO          630  * !!!main             c_w.l(__main.o)
    0x080001cc   0x080001cc   0x00000034   Code   RO          842    !!!scatter          c_w.l(__scatter.o)
    0x08000200   0x08000200   0x0000001a   Code   RO          844    !!handler_copy      c_w.l(__scatter_copy.o)
    0x0800021a   0x0800021a   0x00000002   PAD
    0x0800021c   0x0800021c   0x0000001c   Code   RO          846    !!handler_zi        c_w.l(__scatter_zi.o)
    0x08000238   0x08000238   0x00000000   Code   RO          627    .ARM.Collect$$_printf_percent$$00000000  c_w.l(_printf_percent.o)
    0x08000238   0x08000238   0x00000006   Code   RO          626    .ARM.Collect$$_printf_percent$$0000000A  c_w.l(_printf_u.o)
    0x0800023e   0x0800023e   0x00000004   Code   RO          666    .ARM.Collect$$_printf_percent$$00000017  c_w.l(_printf_percent_end.o)
    0x08000242   0x08000242   0x00000002   Code   RO          781    .ARM.Collect$$libinit$$00000000  c_w.l(libinit.o)
    0x08000244   0x08000244   0x00000004   Code   RO          671    .ARM.Collect$$libinit$$00000001  c_w.l(libinit2.o)
    0x08000248   0x08000248   0x00000000   Code   RO          674    .ARM.Collect$$libinit$$00000004  c_w.l(libinit2.o)
    0x08000248   0x08000248   0x00000008   Code   RO          675    .ARM.Collect$$libinit$$00000005  c_w.l(libinit2.o)
    0x08000250   0x08000250   0x00000000   Code   RO          677    .ARM.Collect$$libinit$$0000000A  c_w.l(libinit2.o)
    0x08000250   0x08000250   0x00000000   Code   RO          679    .ARM.Collect$$libinit$$0000000C  c_w.l(libinit2.o)
    0x08000250   0x08000250   0x00000000   Code   RO          681    .ARM.Collect$$libinit$$0000000E  c_w.l(libinit2.o)
    0x08000250   0x08000250   0x00000000   Code   RO          684    .ARM.Collect$$libinit$$00000011  c_w.l(libinit2.o)
    0x08000250   0x08000250   0x00000000   Code   RO          686    .ARM.Collect$$libinit$$00000013  c_w.l(libinit2.o)
    0x08000250   0x08000250   0x00000000   Code   RO          688    .ARM.Collect$$libinit$$00000015  c_w.l(libinit2.o)
    0x08000250   0x08000250   0x00000000   Code   RO          690    .ARM.Collect$$libinit$$00000017  c_w.l(libinit2.o)
    0x08000250   0x08000250   0x00000000   Code   RO          692    .ARM.Collect$$libinit$$00000019  c_w.l(libinit2.o)
    0x08000250   0x08000250   0x00000000   Code   RO          694    .ARM.Collect$$libinit$$0000001B  c_w.l(libinit2.o)
    0x08000250   0x08000250   0x00000000   Code   RO          696    .ARM.Collect$$libinit$$0000001D  c_w.l(libinit2.o)
    0x08000250   0x08000250   0x00000000   Code   RO          698    .ARM.Collect$$libinit$$0000001F  c_w.l(libinit2.o)
    0x08000250   0x08000250   0x00000000   Code   RO          700    .ARM.Collect$$libinit$$00000021  c_w.l(libinit2.o)
    0x08000250   0x08000250   0x00000000   Code   RO          702    .ARM.Collect$$libinit$$00000023  c_w.l(libinit2.o)
    0x08000250   0x08000250   0x00000000   Code   RO          704    .ARM.Collect$$libinit$$00000025  c_w.l(libinit2.o)
    0x08000250   0x08000250   0x00000000   Code   RO          708    .ARM.Collect$$libinit$$0000002C  c_w.l(libinit2.o)
    0x08000250   0x08000250   0x00000000   Code   RO          710    .ARM.Collect$$libinit$$0000002E  c_w.l(libinit2.o)
    0x08000250   0x08000250   0x00000000   Code   RO          712    .ARM.Collect$$libinit$$00000030  c_w.l(libinit2.o)
    0x08000250   0x08000250   0x00000000   Code   RO          714    .ARM.Collect$$libinit$$00000032  c_w.l(libinit2.o)
    0x08000250   0x08000250   0x00000002   Code   RO          715    .ARM.Collect$$libinit$$00000033  c_w.l(libinit2.o)
    0x08000252   0x08000252   0x00000002   Code   RO          839    .ARM.Collect$$libshutdown$$00000000  c_w.l(libshutdown.o)
    0x08000254   0x08000254   0x00000000   Code   RO          795    .ARM.Collect$$libshutdown$$00000002  c_w.l(libshutdown2.o)
    0x08000254   0x08000254   0x00000000   Code   RO          797    .ARM.Collect$$libshutdown$$00000004  c_w.l(libshutdown2.o)
    0x08000254   0x08000254   0x00000000   Code   RO          800    .ARM.Collect$$libshutdown$$00000007  c_w.l(libshutdown2.o)
    0x08000254   0x08000254   0x00000000   Code   RO          803    .ARM.Collect$$libshutdown$$0000000A  c_w.l(libshutdown2.o)
    0x08000254   0x08000254   0x00000000   Code   RO          805    .ARM.Collect$$libshutdown$$0000000C  c_w.l(libshutdown2.o)
    0x08000254   0x08000254   0x00000000   Code   RO          808    .ARM.Collect$$libshutdown$$0000000F  c_w.l(libshutdown2.o)
    0x08000254   0x08000254   0x00000002   Code   RO          809    .ARM.Collect$$libshutdown$$00000010  c_w.l(libshutdown2.o)
    0x08000256   0x08000256   0x00000000   Code   RO          634    .ARM.Collect$$rtentry$$00000000  c_w.l(__rtentry.o)
    0x08000256   0x08000256   0x00000000   Code   RO          722    .ARM.Collect$$rtentry$$00000002  c_w.l(__rtentry2.o)
    0x08000256   0x08000256   0x00000006   Code   RO          734    .ARM.Collect$$rtentry$$00000004  c_w.l(__rtentry4.o)
    0x0800025c   0x0800025c   0x00000000   Code   RO          724    .ARM.Collect$$rtentry$$00000009  c_w.l(__rtentry2.o)
    0x0800025c   0x0800025c   0x00000004   Code   RO          725    .ARM.Collect$$rtentry$$0000000A  c_w.l(__rtentry2.o)
    0x08000260   0x08000260   0x00000000   Code   RO          727    .ARM.Collect$$rtentry$$0000000C  c_w.l(__rtentry2.o)
    0x08000260   0x08000260   0x00000008   Code   RO          728    .ARM.Collect$$rtentry$$0000000D  c_w.l(__rtentry2.o)
    0x08000268   0x08000268   0x00000002   Code   RO          784    .ARM.Collect$$rtexit$$00000000  c_w.l(rtexit.o)
    0x0800026a   0x0800026a   0x00000000   Code   RO          813    .ARM.Collect$$rtexit$$00000002  c_w.l(rtexit2.o)
    0x0800026a   0x0800026a   0x00000004   Code   RO          814    .ARM.Collect$$rtexit$$00000003  c_w.l(rtexit2.o)
    0x0800026e   0x0800026e   0x00000006   Code   RO          815    .ARM.Collect$$rtexit$$00000004  c_w.l(rtexit2.o)
    0x08000274   0x08000274   0x00000000   Code   RO          738    .emb_text           c_w.l(maybetermalloc1.o)
    0x08000274   0x08000274   0x00000040   Code   RO            4    .text               startup_stm32f446xx.o
    0x080002b4   0x080002b4   0x000000e0   Code   RO           13    .text               misc.o
    0x08000394   0x08000394   0x00000884   Code   RO          121    .text               stm32f4xx_rcc.o
    0x08000c18   0x08000c18   0x00000480   Code   RO          171    .text               stm32f4xx_spi.o
    0x08001098   0x08001098   0x00000454   Code   RO          195    .text               stm32f4xx_usart.o
    0x080014ec   0x080014ec   0x00000254   Code   RO          219    .text               tm_stm32f4_delay.o
    0x08001740   0x08001740   0x00000098   Code   RO          266    .text               tm_stm32f4_disco.o
    0x080017d8   0x080017d8   0x000005b8   Code   RO          298    .text               tm_stm32f4_nrf24l01.o
    0x08001d90   0x08001d90   0x000007b0   Code   RO          330    .text               tm_stm32f4_spi.o
    0x08002540   0x08002540   0x00000800   Code   RO          357    .text               tm_stm32f4_usart.o
    0x08002d40   0x08002d40   0x00000300   Code   RO          388    .text               tm_stm32f4_gpio.o
    0x08003040   0x08003040   0x0000042c   Code   RO          414    .text               tm_stm32f4_exti.o
    0x0800346c   0x0800346c   0x00000194   Code   RO          441    .text               main.o
    0x08003600   0x08003600   0x00000022   Code   RO          480    .text               stm32f4xx_it.o
    0x08003622   0x08003622   0x00000002   PAD
    0x08003624   0x08003624   0x000002a0   Code   RO          507    .text               system_stm32f4xx.o
    0x080038c4   0x080038c4   0x0000005e   Code   RO          540    .text               c_w.l(h1_alloc.o)
    0x08003922   0x08003922   0x0000004e   Code   RO          542    .text               c_w.l(h1_free.o)
    0x08003970   0x08003970   0x00000028   Code   RO          600    .text               c_w.l(noretval__2sprintf.o)
    0x08003998   0x08003998   0x00000068   Code   RO          602    .text               c_w.l(__printf.o)
    0x08003a00   0x08003a00   0x00000078   Code   RO          604    .text               c_w.l(_printf_dec.o)
    0x08003a78   0x08003a78   0x00000006   Code   RO          628    .text               c_w.l(heapauxi.o)
    0x08003a7e   0x08003a7e   0x00000002   PAD
    0x08003a80   0x08003a80   0x00000008   Code   RO          638    .text               c_w.l(rt_heap_descriptor_intlibspace.o)
    0x08003a88   0x08003a88   0x00000004   Code   RO          640    .text               c_w.l(hguard.o)
    0x08003a8c   0x08003a8c   0x0000008a   Code   RO          642    .text               c_w.l(init_alloc.o)
    0x08003b16   0x08003b16   0x0000000e   Code   RO          646    .text               c_w.l(h1_init.o)
    0x08003b24   0x08003b24   0x000000b2   Code   RO          660    .text               c_w.l(_printf_intcommon.o)
    0x08003bd6   0x08003bd6   0x00000002   PAD
    0x08003bd8   0x08003bd8   0x00000030   Code   RO          662    .text               c_w.l(_printf_char_common.o)
    0x08003c08   0x08003c08   0x0000000a   Code   RO          664    .text               c_w.l(_sputc.o)
    0x08003c12   0x08003c12   0x00000002   PAD
    0x08003c14   0x08003c14   0x00000008   Code   RO          718    .text               c_w.l(libspace.o)
    0x08003c1c   0x08003c1c   0x00000034   Code   RO          740    .text               c_w.l(h1_extend.o)
    0x08003c50   0x08003c50   0x0000000e   Code   RO          746    .text               c_w.l(defsig_rtmem_outer.o)
    0x08003c5e   0x08003c5e   0x00000002   Code   RO          757    .text               c_w.l(use_no_semi.o)
    0x08003c60   0x08003c60   0x00000000   Code   RO          759    .text               c_w.l(indicate_semi.o)
    0x08003c60   0x08003c60   0x0000004a   Code   RO          760    .text               c_w.l(sys_stackheap_outer.o)
    0x08003caa   0x08003caa   0x00000012   Code   RO          766    .text               c_w.l(exit.o)
    0x08003cbc   0x08003cbc   0x0000000a   Code   RO          768    .text               c_w.l(defsig_exit.o)
    0x08003cc6   0x08003cc6   0x00000002   PAD
    0x08003cc8   0x08003cc8   0x00000050   Code   RO          770    .text               c_w.l(defsig_rtmem_inner.o)
    0x08003d18   0x08003d18   0x0000000c   Code   RO          782    .text               c_w.l(sys_exit.o)
    0x08003d24   0x08003d24   0x00000032   Code   RO          792    .text               c_w.l(defsig_general.o)
    0x08003d56   0x08003d56   0x0000000e   Code   RO          810    .text               c_w.l(sys_wrch.o)
    0x08003d64   0x08003d64   0x0000000a   Code   RO          755    x$fpl$fpinit        fz_wm.l(fpinit.o)
    0x08003d6e   0x08003d6e   0x00000002   PAD
    0x08003d70   0x08003d70   0x00000020   Data   RO          840    Region$$Table       anon$$obj.o


    Execution Region RW_IRAM1 (Exec base: 0x20000000, Load base: 0x08003d90, Size: 0x00000860, Max: 0x00020000, ABSOLUTE)

    Exec Addr    Load Addr    Size         Type   Attr      Idx    E Section Name        Object

    0x20000000   0x08003d90   0x00000010   Data   RW          122    .data               stm32f4xx_rcc.o
    0x20000010   0x08003da0   0x00000011   Data   RW          221    .data               tm_stm32f4_delay.o
    0x20000021   0x08003db1   0x00000001   Data   RW          267    .data               tm_stm32f4_disco.o
    0x20000022   0x08003db2   0x00000004   Data   RW          299    .data               tm_stm32f4_nrf24l01.o
    0x20000026   0x08003db6   0x00000002   PAD
    0x20000028   0x08003db8   0x00000060   Data   RW          359    .data               tm_stm32f4_usart.o
    0x20000088   0x08003e18   0x0000000c   Data   RW          443    .data               main.o
    0x20000094   0x08003e24   0x00000014   Data   RW          508    .data               system_stm32f4xx.o
    0x200000a8        -       0x00000018   Zero   RW          220    .bss                tm_stm32f4_delay.o
    0x200000c0        -       0x000000c0   Zero   RW          358    .bss                tm_stm32f4_usart.o
    0x20000180        -       0x00000016   Zero   RW          389    .bss                tm_stm32f4_gpio.o
    0x20000196        -       0x00000068   Zero   RW          442    .bss                main.o
    0x200001fe   0x08003e38   0x00000002   PAD
    0x20000200        -       0x00000060   Zero   RW          719    .bss                c_w.l(libspace.o)
    0x20000260        -       0x00000200   Zero   RW            2    HEAP                startup_stm32f446xx.o
    0x20000460        -       0x00000400   Zero   RW            1    STACK               startup_stm32f446xx.o


==============================================================================

Image component sizes


      Code (inc. data)   RO Data    RW Data    ZI Data      Debug   Object Name

       404        108          0         12        104       2151   main.o
       224         20          0          0          0     300585   misc.o
        64         26        452          0       1536       1100   startup_stm32f446xx.o
        34          0          0          0          0       1544   stm32f4xx_it.o
      2180         56          0         16          0      14942   stm32f4xx_rcc.o
      1152         36          0          0          0       7361   stm32f4xx_spi.o
      1108         34          0          0          0       8336   stm32f4xx_usart.o
       672         44          0         20          0       2191   system_stm32f4xx.o
       596         36          0         17         24      33802   tm_stm32f4_delay.o
       152         14          0          1          0       4126   tm_stm32f4_disco.o
      1068         14          0          0          0       4232   tm_stm32f4_exti.o
       768         10          0          0         22       5912   tm_stm32f4_gpio.o
      1464         28          0          4          0      15651   tm_stm32f4_nrf24l01.o
      1968         84          0          0          0       9875   tm_stm32f4_spi.o
      2048        122          0         96        192      13255   tm_stm32f4_usart.o

    ----------------------------------------------------------------------
     13904        632        484        168       1880     425063   Object Totals
         0          0         32          0          0          0   (incl. Generated)
         2          0          0          2          2          0   (incl. Padding)

    ----------------------------------------------------------------------

      Code (inc. data)   RO Data    RW Data    ZI Data      Debug   Library Member Name

         8          0          0          0          0         68   __main.o
       104          0          0          0          0         84   __printf.o
         0          0          0          0          0          0   __rtentry.o
        12          0          0          0          0          0   __rtentry2.o
         6          0          0          0          0          0   __rtentry4.o
        52          8          0          0          0          0   __scatter.o
        26          0          0          0          0          0   __scatter_copy.o
        28          0          0          0          0          0   __scatter_zi.o
        48          6          0          0          0         96   _printf_char_common.o
       120         16          0          0          0         92   _printf_dec.o
       178          0          0          0          0         88   _printf_intcommon.o
         0          0          0          0          0          0   _printf_percent.o
         4          0          0          0          0          0   _printf_percent_end.o
         6          0          0          0          0          0   _printf_u.o
        10          0          0          0          0         68   _sputc.o
        10          0          0          0          0         68   defsig_exit.o
        50          0          0          0          0         88   defsig_general.o
        80         58          0          0          0         76   defsig_rtmem_inner.o
        14          0          0          0          0         80   defsig_rtmem_outer.o
        18          0          0          0          0         80   exit.o
        94          0          0          0          0         80   h1_alloc.o
        52          0          0          0          0         68   h1_extend.o
        78          0          0          0          0         80   h1_free.o
        14          0          0          0          0         84   h1_init.o
         6          0          0          0          0        152   heapauxi.o
         4          0          0          0          0        136   hguard.o
         0          0          0          0          0          0   indicate_semi.o
       138          0          0          0          0        168   init_alloc.o
         2          0          0          0          0          0   libinit.o
        14          0          0          0          0          0   libinit2.o
         2          0          0          0          0          0   libshutdown.o
         2          0          0          0          0          0   libshutdown2.o
         8          4          0          0         96         68   libspace.o
         0          0          0          0          0          0   maybetermalloc1.o
        40          6          0          0          0         84   noretval__2sprintf.o
         8          4          0          0          0         68   rt_heap_descriptor_intlibspace.o
         2          0          0          0          0          0   rtexit.o
        10          0          0          0          0          0   rtexit2.o
        12          4          0          0          0         68   sys_exit.o
        74          0          0          0          0         80   sys_stackheap_outer.o
        14          0          0          0          0         76   sys_wrch.o
         2          0          0          0          0         68   use_no_semi.o
        10          0          0          0          0        116   fpinit.o

    ----------------------------------------------------------------------
      1372        106          0          0         96       2284   Library Totals
        12          0          0          0          0          0   (incl. Padding)

    ----------------------------------------------------------------------

      Code (inc. data)   RO Data    RW Data    ZI Data      Debug   Library Name

      1350        106          0          0         96       2168   c_w.l
        10          0          0          0          0        116   fz_wm.l

    ----------------------------------------------------------------------
      1372        106          0          0         96       2284   Library Totals

    ----------------------------------------------------------------------

==============================================================================


      Code (inc. data)   RO Data    RW Data    ZI Data      Debug   

     15276        738        484        168       1976     423203   Grand Totals
     15276        738        484        168       1976     423203   ELF Image Totals
     15276        738        484        168          0          0   ROM Totals

==============================================================================

    Total RO  Size (Code + RO Data)                15760 (  15.39kB)
    Total RW  Size (RW Data + ZI Data)              2144 (   2.09kB)
    Total ROM Size (Code + RO Data + RW Data)      15928 (  15.55kB)

==============================================================================

